Archive member included to satisfy reference by file (symbol)

../../circle/lib/usb/libusb.a(usbhostcontroller.o)
                              kernel.o (CUSBHostController::UpdatePlugAndPlay())
../../circle/lib/usb/libusb.a(usbkeyboard.o)
                              kernel.o (CUSBKeyboardDevice::RegisterKeyStatusHandlerRaw(void (*)(unsigned char, unsigned char const*), bool))
../../circle/lib/usb/libusb.a(usbrequest.o)
                              ../../circle/lib/usb/libusb.a(usbhostcontroller.o) (CUSBRequest::CUSBRequest(CUSBEndpoint*, void*, unsigned int, TSetupData*))
../../circle/lib/usb/libusb.a(usbstandardhub.o)
                              ../../circle/lib/usb/libusb.a(usbhostcontroller.o) (CUSBStandardHub::HandlePortStatusChange())
../../circle/lib/usb/libusb.a(dwhcidevice.o)
                              kernel.o (CDWHCIDevice::CDWHCIDevice(CInterruptSystem*, CTimer*, bool))
../../circle/lib/usb/libusb.a(dwhciframeschednper.o)
                              ../../circle/lib/usb/libusb.a(dwhcidevice.o) (CDWHCIFrameSchedulerNonPeriodic::InitProtectedAllocator(unsigned int, unsigned int))
../../circle/lib/usb/libusb.a(dwhciframeschednsplit.o)
                              ../../circle/lib/usb/libusb.a(dwhcidevice.o) (CDWHCIFrameSchedulerNoSplit::InitProtectedAllocator(unsigned int, unsigned int))
../../circle/lib/usb/libusb.a(dwhciframeschedper.o)
                              ../../circle/lib/usb/libusb.a(dwhcidevice.o) (CDWHCIFrameSchedulerPeriodic::InitProtectedAllocator(unsigned int, unsigned int))
../../circle/lib/usb/libusb.a(dwhcirootport.o)
                              ../../circle/lib/usb/libusb.a(dwhcidevice.o) (CDWHCIRootPort::~CDWHCIRootPort())
../../circle/lib/usb/libusb.a(dwhcixactqueue.o)
                              ../../circle/lib/usb/libusb.a(dwhcidevice.o) (CDWHCITransactionQueue::CDWHCITransactionQueue(unsigned int, unsigned int))
../../circle/lib/usb/libusb.a(dwhcixferstagedata.o)
                              ../../circle/lib/usb/libusb.a(dwhcidevice.o) (CDWHCITransferStageData::CDWHCITransferStageData(unsigned int, CUSBRequest*, bool, bool, unsigned int))
../../circle/lib/usb/libusb.a(dwhciframeschediso.o)
                              ../../circle/lib/usb/libusb.a(dwhcixferstagedata.o) (CDWHCIFrameSchedulerIsochronous::CDWHCIFrameSchedulerIsochronous(bool))
../../circle/lib/usb/libusb.a(usbdevice.o)
                              ../../circle/lib/usb/libusb.a(dwhcirootport.o) (CUSBDevice::CUSBDevice(CUSBHostController*, TUSBSpeed, CUSBHCIRootPort*))
../../circle/lib/usb/libusb.a(usbdevicefactory.o)
                              ../../circle/lib/usb/libusb.a(usbdevice.o) (CUSBDeviceFactory::GetDevice(CUSBFunction*, CString*))
../../circle/lib/usb/libusb.a(usbendpoint.o)
                              ../../circle/lib/usb/libusb.a(usbdevice.o) (CUSBEndpoint::CUSBEndpoint(CUSBDevice*))
../../circle/lib/usb/libusb.a(usbfunction.o)
                              ../../circle/lib/usb/libusb.a(usbkeyboard.o) (CUSBFunction::Initialize())
../../circle/lib/usb/libusb.a(usbgamepadps3.o)
                              ../../circle/lib/usb/libusb.a(usbdevicefactory.o) (CUSBGamePadPS3Device::CUSBGamePadPS3Device(CUSBFunction*))
../../circle/lib/usb/libusb.a(usbgamepadps4.o)
                              ../../circle/lib/usb/libusb.a(usbdevicefactory.o) (CUSBGamePadPS4Device::CUSBGamePadPS4Device(CUSBFunction*))
../../circle/lib/usb/libusb.a(usbgamepadstandard.o)
                              ../../circle/lib/usb/libusb.a(usbgamepadps3.o) (CUSBGamePadStandardDevice::~CUSBGamePadStandardDevice())
../../circle/lib/usb/libusb.a(usbgamepadswitchpro.o)
                              ../../circle/lib/usb/libusb.a(usbdevicefactory.o) (CUSBGamePadSwitchProDevice::CUSBGamePadSwitchProDevice(CUSBFunction*))
../../circle/lib/usb/libusb.a(usbgamepadxbox360.o)
                              ../../circle/lib/usb/libusb.a(usbdevicefactory.o) (CUSBGamePadXbox360Device::CUSBGamePadXbox360Device(CUSBFunction*))
../../circle/lib/usb/libusb.a(usbgamepadxboxone.o)
                              ../../circle/lib/usb/libusb.a(usbdevicefactory.o) (CUSBGamePadXboxOneDevice::CUSBGamePadXboxOneDevice(CUSBFunction*))
../../circle/lib/usb/libusb.a(usbhiddevice.o)
                              ../../circle/lib/usb/libusb.a(usbkeyboard.o) (CUSBHIDDevice::CUSBHIDDevice(CUSBFunction*, unsigned int))
../../circle/lib/usb/libusb.a(usbmassdevice.o)
                              ../../circle/lib/usb/libusb.a(usbdevicefactory.o) (CUSBBulkOnlyMassStorageDevice::CUSBBulkOnlyMassStorageDevice(CUSBFunction*))
../../circle/lib/usb/libusb.a(usbmidihost.o)
                              ../../circle/lib/usb/libusb.a(usbdevicefactory.o) (CUSBMIDIHostDevice::CUSBMIDIHostDevice(CUSBFunction*))
../../circle/lib/usb/libusb.a(usbmouse.o)
                              ../../circle/lib/usb/libusb.a(usbdevicefactory.o) (CUSBMouseDevice::CUSBMouseDevice(CUSBFunction*))
../../circle/lib/usb/libusb.a(usbprinter.o)
[...]
Memory Configuration

Name             Origin             Length             Attributes
*default*        0x00000000         0xffffffff

Linker script and memory map

Address of section .init set to 0x8000

.init           0x00008000       0x70
 *(.init)
 .init          0x00008000       0x70 ../../circle/lib/libcircle.a(startup.o)
                0x00008000                _start
                0x00008064                _start_secondary

.text           0x00008070    0x3e5d8
 *(.text*)
 .text          0x00008070        0x0 main.o
 .text.startup  0x00008070       0x40 main.o
                0x00008070                main
 .text          0x000080b0     0x350c kernel.o
                0x000080b0                CKernel::KeyboardRawHandler(unsigned char, unsigned char const*)
                0x0000810c                CKernel::GamePadStatusHandler(unsigned int, TGamePadState const*)
                0x00008148                CKernel::KeyboardRemovedHandler(CDevice*, void*)
                0x0000818c                CKernel::GamePadRemovedHandler(CDevice*, void*)
                0x000081f4                CKernel::CKernel()
                0x000081f4                CKernel::CKernel()
                0x0000849c                CKernel::SetZXKeyState(int, int, bool)
                0x000084ec                CKernel::SetZXJoyState(unsigned int, bool)
                0x00008544                CKernel::ResetSpectrum()
                0x000085f0                CKernel::LoadOptional128KROMs()
                0x0000876c                CKernel::BlitSpectrumFramebuffer()
                0x00008974                CKernel::GetOSDEntryCount() const
                0x000089b4                CKernel::OSDMoveSelection(int)
                0x00008a60                CKernel::LoadSnapshot(unsigned int)
                0x00008ce8                CKernel::LoadTape(unsigned int)
                0x00008f30                CKernel::HasRawKey(unsigned char const*, unsigned char)
                0x00008f5c                CKernel::HasZ80Extension(char const*)
                0x0000908c                CKernel::OSDActivateSelection()
                0x00009164                CKernel::HasTapeExtension(char const*)
                0x000092cc                CKernel::ReloadSnapshots()
                0x000094c0                CKernel::~CKernel()
                0x000094c0                CKernel::~CKernel()
                0x000095b0                CKernel::Initialize()
                0x00009860                CKernel::RenderOSD()
                0x0000a028                CKernel::ToggleOSD()
                0x0000a2e8                CKernel::ApplyInputReport()
                0x0000b190                CKernel::Run()
 .text          0x0000b5bc       0x10 compat.o
                0x0000b5bc                printf
 *fill*         0x0000b5cc        0x4 
 .text          0x0000b5d0     0x4c54 z80.o
                0x0000fe88                z80_step
                0x0000ff34                z80_init
                0x00010010                z80_interrupt
                0x000101a0                z80_nmi
 .text          0x00010224     0x1f7c spectrum.o
                0x00011154                zx_init
                0x00011210                zx_set_rom
                0x0001124c                zx_set_128k_roms
                0x00011294                zx_tick
                0x000118c8                zx_frame
                0x000118e8                zx_key_down
                0x00011910                zx_key_up
                0x00011938                zx_joy_down
                0x00011950                zx_joy_up
                0x00011968                zx_set_ear
                0x0001197c                zx_ula_scanline
                0x000119e4                zx_render_screen
                0x00011ac4                zx_set_framebuffer
                0x00011ad8                zx_load_z80
 .text          0x000121a0      0xe30 tzx.o
                0x000121a0                tzx_load
                0x00012258                tzx_play
                0x000122a8                tzx_stop
                0x000122b8                tzx_set_speedup
                0x000122d0                tzx_set_machine
                0x000122e8                tzx_is_playing
                0x000122f0                tzx_update
 .text          0x00012fd0      0x5c8 ../../circle/lib/usb/libusb.a(usbhostcontroller.o)
                0x00012fd0                CUSBHostController::UpdatePlugAndPlay()
                0x00013114                CUSBHostController::CUSBHostController(bool)
                0x00013114                CUSBHostController::CUSBHostController(bool)
                0x00013154                CUSBHostController::~CUSBHostController()
                0x00013154                CUSBHostController::~CUSBHostController()
                0x00013184                CUSBHostController::~CUSBHostController()
                0x000131c0                CUSBHostController::ControlMessage(CUSBEndpoint*, unsigned char, unsigned char, unsigned short, unsigned short, void*, unsigned short)
                0x000132ac                CUSBHostController::GetDescriptor(CUSBEndpoint*, unsigned char, unsigned char, void*, unsigned int, unsigned char, unsigned short)
                0x000132e0                CUSBHostController::SetAddress(CUSBEndpoint*, unsigned char)
                0x00013328                CUSBHostController::SetConfiguration(CUSBEndpoint*, unsigned char)
                0x00013370                CUSBHostController::Transfer(CUSBEndpoint*, void*, unsigned int, unsigned int)
                0x000133d4                CUSBHostController::IsPlugAndPlay() const
                0x000133dc                CUSBHostController::PortStatusChanged(CUSBHCIRootPort*)
                0x000134a4                CUSBHostController::PortStatusChanged(CUSBStandardHub*)
                0x0001356c                CUSBHostController::Get()
 .text._ZN18CUSBHostController24CancelDeviceTransactionsEP10CUSBDevice
                0x00013598        0x4 ../../circle/lib/usb/libusb.a(usbhostcontroller.o)
                0x00013598                CUSBHostController::CancelDeviceTransactions(CUSBDevice*)
 .text          0x0001359c      0x52c ../../circle/lib/usb/libusb.a(usbkeyboard.o)
                0x000135a0                CUSBKeyboardDevice::~CUSBKeyboardDevice()
                0x000135a0                CUSBKeyboardDevice::~CUSBKeyboardDevice()
                0x00013608                CUSBKeyboardDevice::~CUSBKeyboardDevice()
                0x00013628                CUSBKeyboardDevice::ReportHandler(unsigned char const*, unsigned int)
                0x000137b4                CUSBKeyboardDevice::CUSBKeyboardDevice(CUSBFunction*)
                0x000137b4                CUSBKeyboardDevice::CUSBKeyboardDevice(CUSBFunction*)
                0x00013810                CUSBKeyboardDevice::RegisterKeyPressedHandler(void (*)(char const*))
                0x00013818                CUSBKeyboardDevice::RegisterSelectConsoleHandler(void (*)(unsigned int))
                0x00013820                CUSBKeyboardDevice::RegisterShutdownHandler(void (*)())
                0x00013828                CUSBKeyboardDevice::GetLEDStatus() const
                0x00013850                CUSBKeyboardDevice::RegisterKeyStatusHandlerRaw(void (*)(unsigned char, unsigned char const*, void*), bool, void*)
                0x00013880                CUSBKeyboardDevice::RegisterKeyStatusHandlerRaw(void (*)(unsigned char, unsigned char const*), bool)
                0x00013898                CUSBKeyboardDevice::UnregisterKeyStatusHandlerRaw()
                0x000138a8                CUSBKeyboardDevice::SetLEDs(unsigned char)
                0x00013934                CUSBKeyboardDevice::Configure()
                0x00013a24                CUSBKeyboardDevice::UpdateLEDs()
                0x00013a9c                CUSBKeyboardDevice::FindByte(unsigned char const*, unsigned char, unsigned int)
 .text.startup  0x00013ac8       0x38 ../../circle/lib/usb/libusb.a(usbkeyboard.o)
 .text          0x00013b00      0x45c ../../circle/lib/usb/libusb.a(usbrequest.o)
                0x00013b00                CUSBRequest::CUSBRequest(CUSBEndpoint*, void*, unsigned int, TSetupData*)
                0x00013b00                CUSBRequest::CUSBRequest(CUSBEndpoint*, void*, unsigned int, TSetupData*)
                0x00013b88                CUSBRequest::~CUSBRequest()
                0x00013b88                CUSBRequest::~CUSBRequest()
                0x00013b8c                CUSBRequest::GetEndpoint() const
                0x00013bb0                CUSBRequest::SetStatus(int)
                0x00013bb8                CUSBRequest::SetResultLen(unsigned int)
                0x00013bc0                CUSBRequest::SetUSBError(TUSBError)
                0x00013bc8                CUSBRequest::GetStatus() const
                0x00013bd0                CUSBRequest::GetResultLength() const
                0x00013bfc                CUSBRequest::GetUSBError() const
                0x00013c28                CUSBRequest::GetSetupData()
                0x00013c74                CUSBRequest::GetBuffer()
                0x00013ca8                CUSBRequest::GetBufLen() const
                0x00013cb0                CUSBRequest::AddIsoPacket(unsigned short)
                0x00013d24                CUSBRequest::GetNumIsoPackets() const
                0x00013d48                CUSBRequest::GetIsoPacketSize(unsigned int) const
                0x00013d78                CUSBRequest::SetCompletionRoutine(void (*)(CUSBRequest*, void*, void*), void*, void*)
                0x00013da4                CUSBRequest::CallCompletionRoutine()
                0x00013ddc                CUSBRequest::SetCompleteOnNAK()
                0x00013de8                CUSBRequest::IsCompleteOnNAK() const
                0x00013df0                CUSBRequest::operator new(unsigned int)
                0x00013e40                CUSBRequest::operator delete(void*, unsigned int)
                0x00013e98                CUSBRequest::InitAllocator(unsigned int)
                0x00013ef0                CUSBRequest::InitProtectedAllocator(unsigned int, unsigned int)
 .text          0x00013f5c     0x108c ../../circle/lib/usb/libusb.a(usbstandardhub.o)
                0x00013f5c                CUSBStandardHub::~CUSBStandardHub()
                0x00013f5c                CUSBStandardHub::~CUSBStandardHub()
                0x00014078                CUSBStandardHub::~CUSBStandardHub()
                0x00014098                CUSBStandardHub::CUSBStandardHub(CUSBFunction*)
                0x00014098                CUSBStandardHub::CUSBStandardHub(CUSBFunction*)
                0x000140f4                CUSBStandardHub::DisablePort(unsigned int)
                0x000141ac                CUSBStandardHub::RemoveDeviceAt(unsigned int)
                0x000141f0                CUSBStandardHub::StartStatusChangeRequest()
                0x000142bc                CUSBStandardHub::CompletionRoutine(CUSBRequest*)
                0x00014354                CUSBStandardHub::CompletionStub(CUSBRequest*, void*, void*)
                0x0001437c                CUSBStandardHub::Initialize()
                0x000144b0                CUSBStandardHub::EnumeratePorts()
                0x00014af0                CUSBStandardHub::ReScanDevices()
                0x00014af4                CUSBStandardHub::Configure()
                0x00014c58                CUSBStandardHub::HandlePortStatusChange()
 .text.startup  0x00014fe8       0x38 ../../circle/lib/usb/libusb.a(usbstandardhub.o)
 .text          0x00015020     0x3018 ../../circle/lib/usb/libusb.a(dwhcidevice.o)
                0x00015020                CDWHCIDevice::CancelDeviceTransactions(CUSBDevice*)
                0x00015028                CDWHCIDevice::CompletionRoutine(CUSBRequest*, void*, void*)
                0x00015074                CDWHCIDevice::CDWHCIDevice(CInterruptSystem*, CTimer*, bool)
                0x00015074                CDWHCIDevice::CDWHCIDevice(CInterruptSystem*, CTimer*, bool)
                0x00015154                CDWHCIDevice::DeviceConnected()
                0x0001518c                CDWHCIDevice::GetPortSpeed()
                0x000151d4                CDWHCIDevice::OvercurrentDetected()
                0x0001520c                CDWHCIDevice::DisableRootPort(bool)
                0x00015280                CDWHCIDevice::PowerOn()
                0x000152ec                CDWHCIDevice::Reset()
                0x000153c0                CDWHCIDevice::InitCore()
                0x00015630                CDWHCIDevice::EnableGlobalInterrupts()
                0x00015674                CDWHCIDevice::EnableCommonInterrupts()
                0x000156ac                CDWHCIDevice::EnableHostInterrupts()
                0x0001574c                CDWHCIDevice::EnableChannelInterrupt(unsigned int)
                0x000157d0                CDWHCIDevice::DisableChannelInterrupt(unsigned int)
                0x00015854                CDWHCIDevice::FlushTxFIFO(unsigned int)
                0x00015910                CDWHCIDevice::FlushRxFIFO()
                0x000159b0                CDWHCIDevice::InitHost()
                0x00015bb0                CDWHCIDevice::QueueTransaction(CDWHCITransferStageData*)
                0x00015c40                CDWHCIDevice::TransferStageAsync(CUSBRequest*, bool, bool, unsigned int)
                0x00015cf8                CDWHCIDevice::SubmitAsyncRequest(CUSBRequest*, unsigned int)
                0x00015dc4                CDWHCIDevice::QueueDelayedTransaction(CDWHCITransferStageData*)
                0x00015f38                CDWHCIDevice::StartChannel(CDWHCITransferStageData*)
                0x00016340                CDWHCIDevice::StartTransaction(CDWHCITransferStageData*)
                0x00016448                CDWHCIDevice::AllocateChannel()
                0x000165d8                CDWHCIDevice::SOFInterruptHandler()
                0x000165e8                CDWHCIDevice::FreeChannel(unsigned int)
                0x00016cac                CDWHCIDevice::ChannelInterruptHandler(unsigned int)
                0x00016cbc                CDWHCIDevice::InterruptHandler()
                0x00016e90                CDWHCIDevice::InterruptStub(void*)
                0x00016eb4                CDWHCIDevice::AllocateWaitBlock()
                0x00016f54                CDWHCIDevice::FreeWaitBlock(unsigned int)
                0x00016fd4                CDWHCIDevice::TransferStage(CUSBRequest*, bool, bool, unsigned int)
                0x000170cc                CDWHCIDevice::SubmitBlockingRequest(CUSBRequest*, unsigned int)
                0x0001732c                CDWHCIDevice::WaitForBit(CDWHCIRegister*, unsigned int, bool, unsigned int)
                0x000173f8                CDWHCIDevice::EnableRootPort()
                0x00017510                CDWHCIDevice::LogTransactionFailed(unsigned int)
                0x0001755c                CDWHCIDevice::DumpRegister(char const*, unsigned int)
                0x000175c0                CDWHCIDevice::DumpStatus(unsigned int)
                0x00017c48                CDWHCIDevice::~CDWHCIDevice()
                0x00017c48                CDWHCIDevice::~CDWHCIDevice()
                0x00017d28                CDWHCIDevice::~CDWHCIDevice()
                0x00017d48                CDWHCIDevice::ReScanDevices()
                0x00017dc8                CDWHCIDevice::Initialize(bool)
 .text          0x00018038      0x448 ../../circle/lib/usb/libusb.a(dwhciframeschednper.o)
                0x00018038                CDWHCIFrameSchedulerNonPeriodic::~CDWHCIFrameSchedulerNonPeriodic()
                0x00018038                CDWHCIFrameSchedulerNonPeriodic::~CDWHCIFrameSchedulerNonPeriodic()
                0x0001803c                CDWHCIFrameSchedulerNonPeriodic::StartSplit()
                0x00018058                CDWHCIFrameSchedulerNonPeriodic::IsOddFrame() const
                0x00018060                CDWHCIFrameSchedulerNonPeriodic::PeriodicDelay(unsigned short)
                0x0001807c                CDWHCIFrameSchedulerNonPeriodic::CompleteSplit()
                0x000180f0                CDWHCIFrameSchedulerNonPeriodic::TransactionComplete(unsigned int)
                0x000181f4                CDWHCIFrameSchedulerNonPeriodic::GetFrameNumber()
                0x0001826c                CDWHCIFrameSchedulerNonPeriodic::~CDWHCIFrameSchedulerNonPeriodic()
                0x000182b0                CDWHCIFrameSchedulerNonPeriodic::CDWHCIFrameSchedulerNonPeriodic()
                0x000182b0                CDWHCIFrameSchedulerNonPeriodic::CDWHCIFrameSchedulerNonPeriodic()
                0x00018300                CDWHCIFrameSchedulerNonPeriodic::operator new(unsigned int)
                0x00018358                CDWHCIFrameSchedulerNonPeriodic::operator delete(void*, unsigned int)
                0x000183b8                CDWHCIFrameSchedulerNonPeriodic::InitAllocator(unsigned int)
                0x00018414                CDWHCIFrameSchedulerNonPeriodic::InitProtectedAllocator(unsigned int, unsigned int)
 .text          0x00018480      0x2d0 ../../circle/lib/usb/libusb.a(dwhciframeschednsplit.o)
                0x00018480                CDWHCIFrameSchedulerNoSplit::~CDWHCIFrameSchedulerNoSplit()
                0x00018480                CDWHCIFrameSchedulerNoSplit::~CDWHCIFrameSchedulerNoSplit()
                0x00018484                CDWHCIFrameSchedulerNoSplit::StartSplit()
                0x000184a0                CDWHCIFrameSchedulerNoSplit::CompleteSplit()
                0x000184bc                CDWHCIFrameSchedulerNoSplit::TransactionComplete(unsigned int)
                0x000184d8                CDWHCIFrameSchedulerNoSplit::PeriodicDelay(unsigned short)
                0x000184f4                CDWHCIFrameSchedulerNoSplit::GetFrameNumber()
                0x00018538                CDWHCIFrameSchedulerNoSplit::IsOddFrame() const
                0x00018570                CDWHCIFrameSchedulerNoSplit::~CDWHCIFrameSchedulerNoSplit()
                0x000185b4                CDWHCIFrameSchedulerNoSplit::CDWHCIFrameSchedulerNoSplit(bool)
                0x000185b4                CDWHCIFrameSchedulerNoSplit::CDWHCIFrameSchedulerNoSplit(bool)
                0x000185d0                CDWHCIFrameSchedulerNoSplit::operator new(unsigned int)
                0x00018628                CDWHCIFrameSchedulerNoSplit::operator delete(void*, unsigned int)
                0x00018688                CDWHCIFrameSchedulerNoSplit::InitAllocator(unsigned int)
                0x000186e4                CDWHCIFrameSchedulerNoSplit::InitProtectedAllocator(unsigned int, unsigned int)
 .text          0x00018750      0x4bc ../../circle/lib/usb/libusb.a(dwhciframeschedper.o)
                0x00018750                CDWHCIFrameSchedulerPeriodic::~CDWHCIFrameSchedulerPeriodic()
                0x00018750                CDWHCIFrameSchedulerPeriodic::~CDWHCIFrameSchedulerPeriodic()
                0x00018754                CDWHCIFrameSchedulerPeriodic::StartSplit()
                0x00018774                CDWHCIFrameSchedulerPeriodic::PeriodicDelay(unsigned short)
                0x0001878c                CDWHCIFrameSchedulerPeriodic::CompleteSplit()
                0x0001882c                CDWHCIFrameSchedulerPeriodic::GetFrameNumber()
                0x000188b8                CDWHCIFrameSchedulerPeriodic::IsOddFrame() const
                0x000188f0                CDWHCIFrameSchedulerPeriodic::TransactionComplete(unsigned int)
                0x000189f4                CDWHCIFrameSchedulerPeriodic::~CDWHCIFrameSchedulerPeriodic()
                0x00018a38                CDWHCIFrameSchedulerPeriodic::CDWHCIFrameSchedulerPeriodic()
                0x00018a38                CDWHCIFrameSchedulerPeriodic::CDWHCIFrameSchedulerPeriodic()
                0x00018a8c                CDWHCIFrameSchedulerPeriodic::operator new(unsigned int)
                0x00018ae4                CDWHCIFrameSchedulerPeriodic::operator delete(void*, unsigned int)
                0x00018b44                CDWHCIFrameSchedulerPeriodic::InitAllocator(unsigned int)
                0x00018ba0                CDWHCIFrameSchedulerPeriodic::InitProtectedAllocator(unsigned int, unsigned int)
 .text          0x00018c0c      0x30c ../../circle/lib/usb/libusb.a(dwhcirootport.o)
                0x00018c0c                CDWHCIRootPort::~CDWHCIRootPort()
                0x00018c0c                CDWHCIRootPort::~CDWHCIRootPort()
                0x00018c40                CDWHCIRootPort::RemoveDevice()
                0x00018c98                CDWHCIRootPort::ReScanDevices()
                0x00018cd4                CDWHCIRootPort::HandlePortStatusChange()
                0x00018d3c                CDWHCIRootPort::~CDWHCIRootPort()
                0x00018d7c                CDWHCIRootPort::CDWHCIRootPort(CDWHCIDevice*)
                0x00018d7c                CDWHCIRootPort::CDWHCIRootPort(CDWHCIDevice*)
                0x00018dac                CDWHCIRootPort::Initialize()
 .text          0x00018f18      0x798 ../../circle/lib/usb/libusb.a(dwhcixactqueue.o)
                0x00018f18                TQueueEntry::operator new(unsigned int)
                0x00018f68                TQueueEntry::operator delete(void*, unsigned int)
                0x00018fc0                TQueueEntry::InitAllocator(unsigned int)
                0x00019018                TQueueEntry::InitProtectedAllocator(unsigned int, unsigned int)
                0x00019084                CDWHCITransactionQueue::CDWHCITransactionQueue(unsigned int, unsigned int)
                0x00019084                CDWHCITransactionQueue::CDWHCITransactionQueue(unsigned int, unsigned int)
                0x00019104                CDWHCITransactionQueue::Flush()
                0x0001923c                CDWHCITransactionQueue::~CDWHCITransactionQueue()
                0x0001923c                CDWHCITransactionQueue::~CDWHCITransactionQueue()
                0x00019258                CDWHCITransactionQueue::FlushDevice(CUSBDevice*)
                0x000193f0                CDWHCITransactionQueue::Enqueue(CDWHCITransferStageData*, unsigned short)
                0x00019578                CDWHCITransactionQueue::Dequeue(unsigned short)
 .text          0x000196b0      0xd44 ../../circle/lib/usb/libusb.a(dwhcixferstagedata.o)
                0x000196b0                CDWHCITransferStageData::CDWHCITransferStageData(unsigned int, CUSBRequest*, bool, bool, unsigned int)
                0x000196b0                CDWHCITransferStageData::CDWHCITransferStageData(unsigned int, CUSBRequest*, bool, bool, unsigned int)
                0x00019aec                CDWHCITransferStageData::~CDWHCITransferStageData()
                0x00019aec                CDWHCITransferStageData::~CDWHCITransferStageData()
                0x00019b14                CDWHCITransferStageData::SetChannelNumber(unsigned int)
                0x00019b1c                CDWHCITransferStageData::TransactionComplete(unsigned int, unsigned int, unsigned int)
                0x00019d74                CDWHCITransferStageData::SetSplitComplete(bool)
                0x00019da0                CDWHCITransferStageData::SetState(unsigned int)
                0x00019da8                CDWHCITransferStageData::GetState() const
                0x00019db0                CDWHCITransferStageData::SetSubState(unsigned int)
                0x00019db8                CDWHCITransferStageData::GetSubState() const
                0x00019dc0                CDWHCITransferStageData::GetChannelNumber() const
                0x00019dc8                CDWHCITransferStageData::IsPeriodic() const
                0x00019e08                CDWHCITransferStageData::IsIsochronous() const
                0x00019e40                CDWHCITransferStageData::GetDeviceAddress() const
                0x00019e68                CDWHCITransferStageData::GetEndpointType() const
                0x00019ec0                CDWHCITransferStageData::GetEndpointNumber() const
                0x00019ee8                CDWHCITransferStageData::GetMaxPacketSize() const
                0x00019ef0                CDWHCITransferStageData::GetSpeed() const
                0x00019ef8                CDWHCITransferStageData::GetPID() const
                0x00019f58                CDWHCITransferStageData::IsDirectionIn() const
                0x00019f60                CDWHCITransferStageData::IsStatusStage() const
                0x00019f68                CDWHCITransferStageData::GetDMAAddress() const
                0x00019f8c                CDWHCITransferStageData::GetBytesToTransfer() const
                0x00019f94                CDWHCITransferStageData::GetPacketsToTransfer() const
                0x00019f9c                CDWHCITransferStageData::IsSplit() const
                0x00019fa4                CDWHCITransferStageData::IsSplitComplete() const
                0x00019fd0                CDWHCITransferStageData::GetHubAddress() const
                0x0001a01c                CDWHCITransferStageData::GetHubPortAddress() const
                0x0001a068                CDWHCITransferStageData::GetSplitPosition() const
                0x0001a0ec                CDWHCITransferStageData::GetStatusMask() const
                0x0001a140                CDWHCITransferStageData::GetTransactionStatus() const
                0x0001a164                CDWHCITransferStageData::GetUSBError() const
                0x0001a1c8                CDWHCITransferStageData::IsStageComplete() const
                0x0001a1d8                CDWHCITransferStageData::GetResultLen() const
                0x0001a1ec                CDWHCITransferStageData::IsTimeout() const
                0x0001a224                CDWHCITransferStageData::IsRetryOK() const
                0x0001a238                CDWHCITransferStageData::GetURB() const
                0x0001a25c                CDWHCITransferStageData::GetDevice() const
                0x0001a280                CDWHCITransferStageData::GetFrameScheduler() const
                0x0001a288                CDWHCITransferStageData::operator new(unsigned int)
                0x0001a2d8                CDWHCITransferStageData::operator delete(void*, unsigned int)
                0x0001a330                CDWHCITransferStageData::InitAllocator(unsigned int)
                0x0001a388                CDWHCITransferStageData::InitProtectedAllocator(unsigned int, unsigned int)
 .text          0x0001a3f4      0x57c ../../circle/lib/usb/libusb.a(dwhciframeschediso.o)
                0x0001a3f4                CDWHCIFrameSchedulerIsochronous::~CDWHCIFrameSchedulerIsochronous()
                0x0001a3f4                CDWHCIFrameSchedulerIsochronous::~CDWHCIFrameSchedulerIsochronous()
                0x0001a3f8                CDWHCIFrameSchedulerIsochronous::CompleteSplit()
                0x0001a4c4                CDWHCIFrameSchedulerIsochronous::TransactionComplete(unsigned int)
                0x0001a598                CDWHCIFrameSchedulerIsochronous::GetFrameNumber()
                0x0001a630                CDWHCIFrameSchedulerIsochronous::IsOddFrame() const
                0x0001a668                CDWHCIFrameSchedulerIsochronous::StartSplit()
                0x0001a740                CDWHCIFrameSchedulerIsochronous::PeriodicDelay(unsigned short)
                0x0001a780                CDWHCIFrameSchedulerIsochronous::~CDWHCIFrameSchedulerIsochronous()
                0x0001a7c4                CDWHCIFrameSchedulerIsochronous::CDWHCIFrameSchedulerIsochronous(bool)
                0x0001a7c4                CDWHCIFrameSchedulerIsochronous::CDWHCIFrameSchedulerIsochronous(bool)
                0x0001a7f0                CDWHCIFrameSchedulerIsochronous::operator new(unsigned int)
                0x0001a848                CDWHCIFrameSchedulerIsochronous::operator delete(void*, unsigned int)
                0x0001a8a8                CDWHCIFrameSchedulerIsochronous::InitAllocator(unsigned int)
                0x0001a904                CDWHCIFrameSchedulerIsochronous::InitProtectedAllocator(unsigned int, unsigned int)
 .text          0x0001a970     0x12f8 ../../circle/lib/usb/libusb.a(usbdevice.o)
                0x0001a970                CUSBDevice::Configure()
                0x0001aa20                CUSBDevice::CUSBDevice(CUSBHostController*, TUSBSpeed, CUSBHCIRootPort*)
                0x0001aa20                CUSBDevice::CUSBDevice(CUSBHostController*, TUSBSpeed, CUSBHCIRootPort*)
                0x0001aacc                CUSBDevice::CUSBDevice(CUSBHostController*, TUSBSpeed, CUSBStandardHub*, unsigned int)
                0x0001aacc                CUSBDevice::CUSBDevice(CUSBHostController*, TUSBSpeed, CUSBStandardHub*, unsigned int)
                0x0001ac18                CUSBDevice::ReScanDevices()
                0x0001ac58                CUSBDevice::RemoveDevice()
                0x0001aca0                CUSBDevice::GetName(TDeviceNameSelector) const
                0x0001adb0                CUSBDevice::GetNames() const
                0x0001ae90                CUSBDevice::SetAddress(unsigned char)
                0x0001aeb8                CUSBDevice::GetAddress() const
                0x0001aec0                CUSBDevice::GetSpeed() const
                0x0001aec8                CUSBDevice::IsSplit() const
                0x0001aed0                CUSBDevice::GetHubAddress() const
                0x0001aed8                CUSBDevice::GetHubPortNumber() const
                0x0001aee0                CUSBDevice::GetTTHubDevice() const
                0x0001aee8                CUSBDevice::GetEndpoint0() const
                0x0001af0c                CUSBDevice::GetHost() const
                0x0001af30                CUSBDevice::GetDeviceDescriptor() const
                0x0001af54                CUSBDevice::GetConfigurationDescriptor() const
                0x0001af78                CUSBDevice::GetDescriptor(unsigned char)
                0x0001afa0                CUSBDevice::ConfigurationError(char const*) const
                0x0001afc8                CUSBDevice::GetFunction(unsigned int)
                0x0001afdc                CUSBDevice::LogWrite(TLogSeverity, char const*, ...)
                0x0001b1b8                CUSBDevice::~CUSBDevice()
                0x0001b1b8                CUSBDevice::~CUSBDevice()
                0x0001b21c                CUSBDevice::~CUSBDevice()
                0x0001b28c                CUSBDevice::Initialize()
 .text.startup  0x0001bc68       0x38 ../../circle/lib/usb/libusb.a(usbdevice.o)
 .text          0x0001bca0      0x9b0 ../../circle/lib/usb/libusb.a(usbdevicefactory.o)
                0x0001bca0                CUSBDeviceFactory::GetGenericHIDDevice(CUSBFunction*)
                0x0001be94                CUSBDeviceFactory::FindDeviceID(CString*, TUSBDeviceID const*)
                0x0001bf2c                CUSBDeviceFactory::GetDevice(CUSBFunction*, CString*)
 .text          0x0001c650      0x3a8 ../../circle/lib/usb/libusb.a(usbendpoint.o)
                0x0001c650                CUSBEndpoint::CUSBEndpoint(CUSBDevice*)
                0x0001c650                CUSBEndpoint::CUSBEndpoint(CUSBDevice*)
                0x0001c694                CUSBEndpoint::CUSBEndpoint(CUSBDevice*, TUSBEndpointDescriptor const*)
                0x0001c694                CUSBEndpoint::CUSBEndpoint(CUSBDevice*, TUSBEndpointDescriptor const*)
                0x0001c874                CUSBEndpoint::~CUSBEndpoint()
                0x0001c874                CUSBEndpoint::~CUSBEndpoint()
                0x0001c878                CUSBEndpoint::GetDevice() const
                0x0001c89c                CUSBEndpoint::GetNumber() const
                0x0001c8a4                CUSBEndpoint::GetType() const
                0x0001c8ac                CUSBEndpoint::IsDirectionIn() const
                0x0001c8b4                CUSBEndpoint::SetMaxPacketSize(unsigned int)
                0x0001c8c4                CUSBEndpoint::GetMaxPacketSize() const
                0x0001c8cc                CUSBEndpoint::GetInterval() const
                0x0001c8fc                CUSBEndpoint::GetNextPID(bool)
                0x0001c938                CUSBEndpoint::SkipPID(unsigned int, bool)
                0x0001c9cc                CUSBEndpoint::ResetPID()
 .text          0x0001c9f8      0x674 ../../circle/lib/usb/libusb.a(usbfunction.o)
                0x0001c9f8                CUSBFunction::Initialize()
                0x0001ca00                CUSBFunction::ReScanDevices()
                0x0001ca08                CUSBFunction::~CUSBFunction()
                0x0001ca08                CUSBFunction::~CUSBFunction()
                0x0001ca60                CUSBFunction::RemoveDevice()
                0x0001ca88                CUSBFunction::~CUSBFunction()
                0x0001caec                CUSBFunction::Configure()
                0x0001cbd4                CUSBFunction::CUSBFunction(CUSBDevice*, CUSBConfigurationParser*)
                0x0001cbd4                CUSBFunction::CUSBFunction(CUSBDevice*, CUSBConfigurationParser*)
                0x0001cc7c                CUSBFunction::CUSBFunction(CUSBFunction*)
                0x0001cc7c                CUSBFunction::CUSBFunction(CUSBFunction*)
                0x0001cd44                CUSBFunction::GetInterfaceName() const
                0x0001cdbc                CUSBFunction::GetNumEndpoints() const
                0x0001cde8                CUSBFunction::GetDevice() const
                0x0001ce0c                CUSBFunction::GetEndpoint0() const
                0x0001ce34                CUSBFunction::GetHost() const
                0x0001ce5c                CUSBFunction::GetDescriptor(unsigned char)
                0x0001ce84                CUSBFunction::ConfigurationError(char const*) const
                0x0001cec8                CUSBFunction::SelectInterfaceByClass(unsigned char, unsigned char, unsigned char, unsigned int)
                0x0001cf98                CUSBFunction::GetInterfaceNumber() const
                0x0001cfc4                CUSBFunction::GetInterfaceClass() const
                0x0001cff0                CUSBFunction::GetInterfaceSubClass() const
                0x0001d01c                CUSBFunction::GetInterfaceProtocol() const
                0x0001d048                CUSBFunction::GetInterfaceDescriptor() const
 .text          0x0001d06c      0x558 ../../circle/lib/usb/libusb.a(usbgamepadps3.o)
                0x0001d06c                CUSBGamePadPS3Device::~CUSBGamePadPS3Device()
                0x0001d06c                CUSBGamePadPS3Device::~CUSBGamePadPS3Device()
                0x0001d08c                CUSBGamePadPS3Device::~CUSBGamePadPS3Device()
                0x0001d0bc                CUSBGamePadPS3Device::SetRumbleMode(TGamePadRumbleMode)
                0x0001d1a8                CUSBGamePadPS3Device::SetLEDMode(TGamePadLEDMode)
                0x0001d238                CUSBGamePadPS3Device::CUSBGamePadPS3Device(CUSBFunction*)
                0x0001d238                CUSBGamePadPS3Device::CUSBGamePadPS3Device(CUSBFunction*)
                0x0001d298                CUSBGamePadPS3Device::PS3Enable()
                0x0001d340                CUSBGamePadPS3Device::Configure()
                0x0001d45c                CUSBGamePadPS3Device::DecodeReport(unsigned char const*)
 .text._ZN17CUSBGamePadDevice10SetLEDModeEjhh
                0x0001d5c4        0x8 ../../circle/lib/usb/libusb.a(usbgamepadps3.o)
                0x0001d5c4                CUSBGamePadDevice::SetLEDMode(unsigned int, unsigned char, unsigned char)
 .text._ZN20CUSBGamePadPS3Device13GetPropertiesEv
                0x0001d5cc        0x8 ../../circle/lib/usb/libusb.a(usbgamepadps3.o)
                0x0001d5cc                CUSBGamePadPS3Device::GetProperties()
 .text          0x0001d5d4      0xa3c ../../circle/lib/usb/libusb.a(usbgamepadps4.o)
                0x0001d5d4                CUSBGamePadPS4Device::DecodeReport(unsigned char const*)
                0x0001d78c                CUSBGamePadPS4Device::~CUSBGamePadPS4Device()
                0x0001d78c                CUSBGamePadPS4Device::~CUSBGamePadPS4Device()
                0x0001d7d8                CUSBGamePadPS4Device::~CUSBGamePadPS4Device()
                0x0001d830                CUSBGamePadPS4Device::SetLEDMode(unsigned int, unsigned char, unsigned char)
                0x0001d8f8                CUSBGamePadPS4Device::SetRumbleMode(TGamePadRumbleMode)
                0x0001d9e8                CUSBGamePadPS4Device::SetLEDMode(TGamePadLEDMode)
                0x0001db88                CUSBGamePadPS4Device::CUSBGamePadPS4Device(CUSBFunction*)
                0x0001db88                CUSBGamePadPS4Device::CUSBGamePadPS4Device(CUSBFunction*)
                0x0001dbe0                CUSBGamePadPS4Device::HandleTouchpad(unsigned char const*)
                0x0001dd90                CUSBGamePadPS4Device::ReportHandler(unsigned char const*, unsigned int)
                0x0001ddf8                CUSBGamePadPS4Device::SendLedRumbleCommand()
                0x0001de9c                CUSBGamePadPS4Device::DisableTouchpad()
                0x0001deb0                CUSBGamePadPS4Device::Configure()
 .text._ZN20CUSBGamePadPS4Device13GetPropertiesEv
                0x0001e010        0x8 ../../circle/lib/usb/libusb.a(usbgamepadps4.o)
                0x0001e010                CUSBGamePadPS4Device::GetProperties()
 .text          0x0001e018      0x818 ../../circle/lib/usb/libusb.a(usbgamepadstandard.o)
                0x0001e018                CUSBGamePadStandardDevice::~CUSBGamePadStandardDevice()
                0x0001e018                CUSBGamePadStandardDevice::~CUSBGamePadStandardDevice()
                0x0001e054                CUSBGamePadStandardDevice::~CUSBGamePadStandardDevice()
                0x0001e09c                CUSBGamePadStandardDevice::CUSBGamePadStandardDevice(CUSBFunction*, bool)
                0x0001e09c                CUSBGamePadStandardDevice::CUSBGamePadStandardDevice(CUSBFunction*, bool)
                0x0001e0d4                CUSBGamePadStandardDevice::BitGetUnsigned(void const*, unsigned int, unsigned int)
                0x0001e158                CUSBGamePadStandardDevice::BitGetSigned(void const*, unsigned int, unsigned int)
                0x0001e204                CUSBGamePadStandardDevice::DecodeReport(unsigned char const*)
                0x0001e6ac                CUSBGamePadStandardDevice::Configure()
 .text._ZN17CUSBGamePadDevice13GetPropertiesEv
                0x0001e830        0x8 ../../circle/lib/usb/libusb.a(usbgamepadstandard.o)
                0x0001e830                CUSBGamePadDevice::GetProperties()
 .text._ZN17CUSBGamePadDevice10SetLEDModeE15TGamePadLEDMode
                0x0001e838        0x8 ../../circle/lib/usb/libusb.a(usbgamepadstandard.o)
                0x0001e838                CUSBGamePadDevice::SetLEDMode(TGamePadLEDMode)
 .text._ZN17CUSBGamePadDevice13SetRumbleModeE18TGamePadRumbleMode
                0x0001e840        0x8 ../../circle/lib/usb/libusb.a(usbgamepadstandard.o)
                0x0001e840                CUSBGamePadDevice::SetRumbleMode(TGamePadRumbleMode)
 .text          0x0001e848      0x6cc ../../circle/lib/usb/libusb.a(usbgamepadswitchpro.o)
                0x0001e848                CUSBGamePadSwitchProDevice::~CUSBGamePadSwitchProDevice()
                0x0001e848                CUSBGamePadSwitchProDevice::~CUSBGamePadSwitchProDevice()
                0x0001e868                CUSBGamePadSwitchProDevice::~CUSBGamePadSwitchProDevice()
                0x0001e894                CUSBGamePadSwitchProDevice::SetRumbleMode(TGamePadRumbleMode)
                0x0001e970                CUSBGamePadSwitchProDevice::DecodeReport(unsigned char const*)
                0x0001eb60                CUSBGamePadSwitchProDevice::SetLEDMode(TGamePadLEDMode)
                0x0001ec00                CUSBGamePadSwitchProDevice::CUSBGamePadSwitchProDevice(CUSBFunction*)
                0x0001ec00                CUSBGamePadSwitchProDevice::CUSBGamePadSwitchProDevice(CUSBFunction*)
                0x0001ec4c                CUSBGamePadSwitchProDevice::Configure()
 .text._ZN26CUSBGamePadSwitchProDevice13GetPropertiesEv
                0x0001ef14        0x8 ../../circle/lib/usb/libusb.a(usbgamepadswitchpro.o)
                0x0001ef14                CUSBGamePadSwitchProDevice::GetProperties()
 .text          0x0001ef1c      0x3ec ../../circle/lib/usb/libusb.a(usbgamepadxbox360.o)
                0x0001ef1c                CUSBGamePadXbox360Device::~CUSBGamePadXbox360Device()
                0x0001ef1c                CUSBGamePadXbox360Device::~CUSBGamePadXbox360Device()
                0x0001ef3c                CUSBGamePadXbox360Device::~CUSBGamePadXbox360Device()
                0x0001ef68                CUSBGamePadXbox360Device::DecodeReport(unsigned char const*)
                0x0001f07c                CUSBGamePadXbox360Device::ReportHandler(unsigned char const*, unsigned int)
                0x0001f0e8                CUSBGamePadXbox360Device::SetLEDMode(TGamePadLEDMode)
                0x0001f13c                CUSBGamePadXbox360Device::SetRumbleMode(TGamePadRumbleMode)
                0x0001f1cc                CUSBGamePadXbox360Device::CUSBGamePadXbox360Device(CUSBFunction*)
                0x0001f1cc                CUSBGamePadXbox360Device::CUSBGamePadXbox360Device(CUSBFunction*)
                0x0001f1ec                CUSBGamePadXbox360Device::Configure()
 .text._ZN24CUSBGamePadXbox360Device13GetPropertiesEv
                0x0001f308        0x8 ../../circle/lib/usb/libusb.a(usbgamepadxbox360.o)
                0x0001f308                CUSBGamePadXbox360Device::GetProperties()
 .text          0x0001f310      0x4c0 ../../circle/lib/usb/libusb.a(usbgamepadxboxone.o)
                0x0001f310                CUSBGamePadXboxOneDevice::DecodeReport(unsigned char const*)
                0x0001f4b8                CUSBGamePadXboxOneDevice::~CUSBGamePadXboxOneDevice()
                0x0001f4b8                CUSBGamePadXboxOneDevice::~CUSBGamePadXboxOneDevice()
                0x0001f4d8                CUSBGamePadXboxOneDevice::~CUSBGamePadXboxOneDevice()
                0x0001f504                CUSBGamePadXboxOneDevice::ReportHandler(unsigned char const*, unsigned int)
                0x0001f5fc                CUSBGamePadXboxOneDevice::SetRumbleMode(TGamePadRumbleMode)
                0x0001f6a8                CUSBGamePadXboxOneDevice::CUSBGamePadXboxOneDevice(CUSBFunction*)
                0x0001f6a8                CUSBGamePadXboxOneDevice::CUSBGamePadXboxOneDevice(CUSBFunction*)
                0x0001f6d0                CUSBGamePadXboxOneDevice::Configure()
 .text._ZN24CUSBGamePadXboxOneDevice13GetPropertiesEv
                0x0001f7d0        0x8 ../../circle/lib/usb/libusb.a(usbgamepadxboxone.o)
                0x0001f7d0                CUSBGamePadXboxOneDevice::GetProperties()
 .text          0x0001f7d8      0x7a8 ../../circle/lib/usb/libusb.a(usbhiddevice.o)
                0x0001f7d8                CUSBHIDDevice::SendCompletionRoutine(CUSBRequest*, void*, void*)
                0x0001f860                CUSBHIDDevice::CUSBHIDDevice(CUSBFunction*, unsigned int)
                0x0001f860                CUSBHIDDevice::CUSBHIDDevice(CUSBFunction*, unsigned int)
                0x0001f8b4                CUSBHIDDevice::~CUSBHIDDevice()
                0x0001f8b4                CUSBHIDDevice::~CUSBHIDDevice()
                0x0001f940                CUSBHIDDevice::~CUSBHIDDevice()
                0x0001f960                CUSBHIDDevice::ConfigureHID(unsigned int)
                0x0001fba8                CUSBHIDDevice::SendToEndpointOut(void const*, unsigned int, unsigned int)
                0x0001fc34                CUSBHIDDevice::SendToEndpointOutAsync(void const*, unsigned int, unsigned int)
                0x0001fd10                CUSBHIDDevice::ReceiveFromEndpointIn(void*, unsigned int, unsigned int)
                0x0001fda0                CUSBHIDDevice::StartRequest()
                0x0001fe6c                CUSBHIDDevice::CompletionRoutine(CUSBRequest*)
                0x0001ff58                CUSBHIDDevice::CompletionStub(CUSBRequest*, void*, void*)
 .text          0x0001ff80      0xde4 ../../circle/lib/usb/libusb.a(usbmassdevice.o)
                0x0001ff80                CUSBBulkOnlyMassStorageDevice::Seek(unsigned long long)
                0x0001ff94                CUSBBulkOnlyMassStorageDevice::~CUSBBulkOnlyMassStorageDevice()
                0x0001ff94                CUSBBulkOnlyMassStorageDevice::~CUSBBulkOnlyMassStorageDevice()
                0x0002006c                CUSBBulkOnlyMassStorageDevice::~CUSBBulkOnlyMassStorageDevice()
                0x0002008c                CUSBBulkOnlyMassStorageDevice::GetSize() const
                0x000200d4                CUSBBulkOnlyMassStorageDevice::CUSBBulkOnlyMassStorageDevice(CUSBFunction*)
                0x000200d4                CUSBBulkOnlyMassStorageDevice::CUSBBulkOnlyMassStorageDevice(CUSBFunction*)
                0x00020118                CUSBBulkOnlyMassStorageDevice::GetCapacity() const
                0x00020120                CUSBBulkOnlyMassStorageDevice::Command(void*, unsigned int, void*, unsigned int, bool)
                0x00020508                CUSBBulkOnlyMassStorageDevice::TryRead(void*, unsigned int)
                0x000205ec                CUSBBulkOnlyMassStorageDevice::TryWrite(void const*, unsigned int)
                0x000206cc                CUSBBulkOnlyMassStorageDevice::Reset()
                0x00020844                CUSBBulkOnlyMassStorageDevice::Read(void*, unsigned int)
                0x000208ac                CUSBBulkOnlyMassStorageDevice::Write(void const*, unsigned int)
                0x00020914                CUSBBulkOnlyMassStorageDevice::Configure()
 .text.startup  0x00020d64       0x38 ../../circle/lib/usb/libusb.a(usbmassdevice.o)
 .text          0x00020d9c      0x7ec ../../circle/lib/usb/libusb.a(usbmidihost.o)
                0x00020d9c                CUSBMIDIHostDevice::~CUSBMIDIHostDevice()
                0x00020d9c                CUSBMIDIHostDevice::~CUSBMIDIHostDevice()
                0x00020e6c                CUSBMIDIHostDevice::~CUSBMIDIHostDevice()
                0x00020e8c                CUSBMIDIHostDevice::SendEventsHandler(unsigned char const*, unsigned int, void*)
                0x00020f68                CUSBMIDIHostDevice::CUSBMIDIHostDevice(CUSBFunction*)
                0x00020f68                CUSBMIDIHostDevice::CUSBMIDIHostDevice(CUSBFunction*)
                0x00021030                CUSBMIDIHostDevice::StartRequest()
                0x000210fc                CUSBMIDIHostDevice::TimerStub(unsigned int, void*, void*)
                0x0002114c                CUSBMIDIHostDevice::CompletionRoutine(CUSBRequest*)
                0x00021304                CUSBMIDIHostDevice::CompletionStub(CUSBRequest*, void*, void*)
                0x0002132c                CUSBMIDIHostDevice::TimerHandler(unsigned int)
                0x0002135c                CUSBMIDIHostDevice::Configure()
 .text          0x00021588      0x714 ../../circle/lib/usb/libusb.a(usbmouse.o)
                0x00021588                CUSBMouseDevice::~CUSBMouseDevice()
                0x00021588                CUSBMouseDevice::~CUSBMouseDevice()
                0x000215e4                CUSBMouseDevice::~CUSBMouseDevice()
                0x00021604                CUSBMouseDevice::CUSBMouseDevice(CUSBFunction*)
                0x00021604                CUSBMouseDevice::CUSBMouseDevice(CUSBFunction*)
                0x00021634                CUSBMouseDevice::ExtractUnsigned(void const*, unsigned int, unsigned int)
                0x000216e0                CUSBMouseDevice::ExtractSigned(void const*, unsigned int, unsigned int)
                0x00021744                CUSBMouseDevice::ReportHandler(unsigned char const*, unsigned int)
                0x00021830                CUSBMouseDevice::DecodeReport()
                0x00021b48                CUSBMouseDevice::Configure()
 .text          0x00021c9c      0x35c ../../circle/lib/usb/libusb.a(usbprinter.o)
                0x00021c9c                CUSBPrinterDevice::~CUSBPrinterDevice()
                0x00021c9c                CUSBPrinterDevice::~CUSBPrinterDevice()
                0x00021d44                CUSBPrinterDevice::~CUSBPrinterDevice()
                0x00021d64                CUSBPrinterDevice::Write(void const*, unsigned int)
                0x00021df0                CUSBPrinterDevice::CUSBPrinterDevice(CUSBFunction*)
                0x00021df0                CUSBPrinterDevice::CUSBPrinterDevice(CUSBFunction*)
                0x00021e24                CUSBPrinterDevice::Configure()
 .text.startup  0x00021ff8       0x38 ../../circle/lib/usb/libusb.a(usbprinter.o)
 .text          0x00022030      0x534 ../../circle/lib/usb/libusb.a(usbstring.o)
                0x00022030                CUSBString::CUSBString(CUSBDevice*)
                0x00022030                CUSBString::CUSBString(CUSBDevice*)
                0x0002207c                CUSBString::CUSBString(CUSBString*)
                0x0002207c                CUSBString::CUSBString(CUSBString*)
                0x00022134                CUSBString::~CUSBString()
                0x00022134                CUSBString::~CUSBString()
                0x00022174                CUSBString::GetFromDescriptor(unsigned char, unsigned short)
                0x000223bc                CUSBString::Get() const
                0x000223c4                CUSBString::GetLanguageID()
 .text          0x00022564      0x538 ../../circle/lib/usb/libusb.a(usbserialch341.o)
                0x00022564                CUSBSerialCH341Device::~CUSBSerialCH341Device()
                0x00022564                CUSBSerialCH341Device::~CUSBSerialCH341Device()
                0x00022584                CUSBSerialCH341Device::~CUSBSerialCH341Device()
                0x000225b0                CUSBSerialCH341Device::SetBaudRate(unsigned int)
                0x000226b8                CUSBSerialCH341Device::CUSBSerialCH341Device(CUSBFunction*)
                0x000226b8                CUSBSerialCH341Device::CUSBSerialCH341Device(CUSBFunction*)
                0x000226dc                CUSBSerialCH341Device::GetDeviceIDTable()
                0x000226e8                CUSBSerialCH341Device::Configure()
                0x00022868                CUSBSerialCH341Device::SetLineProperties(TUSBSerialDataBits, TUSBSerialParity, TUSBSerialStopBits)
 .text          0x00022a9c      0x5d0 ../../circle/lib/usb/libusb.a(usbserialcp210x.o)
                0x00022a9c                CUSBSerialCP210xDevice::~CUSBSerialCP210xDevice()
                0x00022a9c                CUSBSerialCP210xDevice::~CUSBSerialCP210xDevice()
                0x00022abc                CUSBSerialCP210xDevice::~CUSBSerialCP210xDevice()
                0x00022ae8                CUSBSerialCP210xDevice::SetBaudRate(unsigned int)
                0x00022bfc                CUSBSerialCP210xDevice::CUSBSerialCP210xDevice(CUSBFunction*)
                0x00022bfc                CUSBSerialCP210xDevice::CUSBSerialCP210xDevice(CUSBFunction*)
                0x00022c28                CUSBSerialCP210xDevice::GetDeviceIDTable()
                0x00022c34                CUSBSerialCP210xDevice::Configure()
                0x00022e1c                CUSBSerialCP210xDevice::SetLineProperties(TUSBSerialDataBits, TUSBSerialParity, TUSBSerialStopBits)
 .text          0x0002306c      0x920 ../../circle/lib/usb/libusb.a(usbserialpl2303.o)
                0x0002306c                CUSBSerialPL2303Device::~CUSBSerialPL2303Device()
                0x0002306c                CUSBSerialPL2303Device::~CUSBSerialPL2303Device()
                0x0002308c                CUSBSerialPL2303Device::~CUSBSerialPL2303Device()
                0x000230b8                CUSBSerialPL2303Device::SetBaudRate(unsigned int)
                0x000231d4                CUSBSerialPL2303Device::CUSBSerialPL2303Device(CUSBFunction*)
                0x000231d4                CUSBSerialPL2303Device::CUSBSerialPL2303Device(CUSBFunction*)
                0x000231f8                CUSBSerialPL2303Device::GetDeviceIDTable()
                0x00023204                CUSBSerialPL2303Device::Configure()
                0x00023720                CUSBSerialPL2303Device::SetLineProperties(TUSBSerialDataBits, TUSBSerialParity, TUSBSerialStopBits)
 .text          0x0002398c      0x5c0 ../../circle/lib/usb/libusb.a(usbserialft231x.o)
                0x0002398c                CUSBSerialFT231XDevice::~CUSBSerialFT231XDevice()
                0x0002398c                CUSBSerialFT231XDevice::~CUSBSerialFT231XDevice()
                0x000239ac                CUSBSerialFT231XDevice::~CUSBSerialFT231XDevice()
                0x000239d8                CUSBSerialFT231XDevice::SetBaudRate(unsigned int)
                0x00023b00                CUSBSerialFT231XDevice::CUSBSerialFT231XDevice(CUSBFunction*)
                0x00023b00                CUSBSerialFT231XDevice::CUSBSerialFT231XDevice(CUSBFunction*)
                0x00023b24                CUSBSerialFT231XDevice::GetDeviceIDTable()
                0x00023b30                CUSBSerialFT231XDevice::Configure()
                0x00023d44                CUSBSerialFT231XDevice::SetLineProperties(TUSBSerialDataBits, TUSBSerialParity, TUSBSerialStopBits)
 .text          0x00023f4c      0x274 ../../circle/lib/usb/libusb.a(usbserialcdc.o)
                0x00023f4c                CUSBSerialCDCDevice::~CUSBSerialCDCDevice()
                0x00023f4c                CUSBSerialCDCDevice::~CUSBSerialCDCDevice()
                0x00023f6c                CUSBSerialCDCDevice::~CUSBSerialCDCDevice()
                0x00023f98                CUSBSerialCDCDevice::CUSBSerialCDCDevice(CUSBFunction*)
                0x00023f98                CUSBSerialCDCDevice::CUSBSerialCDCDevice(CUSBFunction*)
                0x00023ff0                CUSBSerialCDCDevice::SetLineCoding()
                0x000240d4                CUSBSerialCDCDevice::SetBaudRate(unsigned int)
                0x000240dc                CUSBSerialCDCDevice::SetLineProperties(TUSBSerialDataBits, TUSBSerialParity, TUSBSerialStopBits)
                0x000240ec                CUSBSerialCDCDevice::Configure()
 .text          0x000241c0      0x97c ../../circle/lib/usb/libusb.a(usbtouchscreen.o)
                0x000241c0                CUSBTouchScreenDevice::~CUSBTouchScreenDevice()
                0x000241c0                CUSBTouchScreenDevice::~CUSBTouchScreenDevice()
                0x00024204                CUSBTouchScreenDevice::~CUSBTouchScreenDevice()
                0x00024254                CUSBTouchScreenDevice::CUSBTouchScreenDevice(CUSBFunction*)
                0x00024254                CUSBTouchScreenDevice::CUSBTouchScreenDevice(CUSBFunction*)
                0x000242ac                CUSBTouchScreenDevice::DecodeReportDescriptor(unsigned char const*, unsigned int)
                0x00024634                CUSBTouchScreenDevice::Configure()
                0x000247c8                CUSBTouchScreenDevice::GetValue(void const*, CUSBTouchScreenDevice::TReportItem const&, unsigned int)
                0x00024854                CUSBTouchScreenDevice::ReportHandler(unsigned char const*, unsigned int)
 .text          0x00024b3c      0x2c0 ../../circle/lib/usb/libusb.a(dwhciregister.o)
                0x00024b3c                CDWHCIRegister::CDWHCIRegister(unsigned int)
                0x00024b3c                CDWHCIRegister::CDWHCIRegister(unsigned int)
                0x00024b4c                CDWHCIRegister::CDWHCIRegister(unsigned int, unsigned int)
                0x00024b4c                CDWHCIRegister::CDWHCIRegister(unsigned int, unsigned int)
                0x00024b60                CDWHCIRegister::~CDWHCIRegister()
                0x00024b60                CDWHCIRegister::~CDWHCIRegister()
                0x00024b64                CDWHCIRegister::Read()
                0x00024b80                CDWHCIRegister::Write()
                0x00024bb8                CDWHCIRegister::Get() const
                0x00024be8                CDWHCIRegister::Set(unsigned int)
                0x00024bf8                CDWHCIRegister::IsSet(unsigned int) const
                0x00024c34                CDWHCIRegister::And(unsigned int)
                0x00024c6c                CDWHCIRegister::Or(unsigned int)
                0x00024ca4                CDWHCIRegister::ClearBit(unsigned int)
                0x00024d00                CDWHCIRegister::SetBit(unsigned int)
                0x00024d5c                CDWHCIRegister::ClearAll()
                0x00024d70                CDWHCIRegister::SetAll()
                0x00024d84                CDWHCIRegister::Dump() const
 .text          0x00024dfc      0xfd4 ../../circle/lib/usb/libusb.a(lan7800.o)
                0x00024dfc                CLAN7800Device::GetMACAddress() const
                0x00024e04                CLAN7800Device::~CLAN7800Device()
                0x00024e04                CLAN7800Device::~CLAN7800Device()
                0x00024e88                non-virtual thunk to CLAN7800Device::~CLAN7800Device()
                0x00024e90                CLAN7800Device::~CLAN7800Device()
                0x00024eb0                CLAN7800Device::ReceiveFrame(void*, unsigned int*)
                0x00024ff4                non-virtual thunk to CLAN7800Device::ReceiveFrame(void*, unsigned int*)
                0x00025080                CLAN7800Device::SendFrame(void const*, unsigned int)
                0x000250b4                non-virtual thunk to CLAN7800Device::GetMACAddress() const
                0x000250bc                non-virtual thunk to CLAN7800Device::~CLAN7800Device()
                0x000250e0                non-virtual thunk to CLAN7800Device::SendFrame(void const*, unsigned int)
                0x00025118                CLAN7800Device::CLAN7800Device(CUSBFunction*)
                0x00025118                CLAN7800Device::CLAN7800Device(CUSBFunction*)
                0x00025158                CLAN7800Device::SetAddressFilter(int, unsigned char const*)
                0x000251bc                CLAN7800Device::WriteReg(unsigned int, unsigned int)
                0x00025250                CLAN7800Device::ReadReg(unsigned int, unsigned int*)
                0x000252dc                CLAN7800Device::SetMulticastFilter(unsigned char const (*) [6])
                0x00025408                non-virtual thunk to CLAN7800Device::SetMulticastFilter(unsigned char const (*) [6])
                0x00025410                CLAN7800Device::WaitReg(unsigned int, unsigned int, unsigned int, unsigned int, unsigned int)
                0x000254b8                CLAN7800Device::PHYWrite(unsigned char, unsigned short)
                0x00025570                CLAN7800Device::PHYRead(unsigned char, unsigned short*)
                0x00025648                CLAN7800Device::IsLinkUp()
                0x00025670                CLAN7800Device::GetLinkSpeed()
                0x00025738                non-virtual thunk to CLAN7800Device::GetLinkSpeed()
                0x00025740                CLAN7800Device::InitPHY()
                0x000257a4                non-virtual thunk to CLAN7800Device::IsLinkUp()
                0x000257d0                CLAN7800Device::ReadWriteReg(unsigned int, unsigned int, unsigned int)
                0x0002581c                CLAN7800Device::InitMACAddress()
                0x0002593c                CLAN7800Device::Configure()
 .text._ZN10CNetDevice7GetTypeEv
                0x00025dd0        0x8 ../../circle/lib/usb/libusb.a(lan7800.o)
                0x00025dd0                CNetDevice::GetType()
 .text._ZN10CNetDevice20IsSendFrameAdvisableEv
                0x00025dd8        0x8 ../../circle/lib/usb/libusb.a(lan7800.o)
                0x00025dd8                CNetDevice::IsSendFrameAdvisable()
 .text._ZN10CNetDevice9UpdatePHYEv
                0x00025de0        0x8 ../../circle/lib/usb/libusb.a(lan7800.o)
                0x00025de0                CNetDevice::UpdatePHY()
 .text          0x00025de8     0x128c ../../circle/lib/usb/libusb.a(smsc951x.o)
                0x00025de8                CSMSC951xDevice::GetMACAddress() const
                0x00025df0                CSMSC951xDevice::~CSMSC951xDevice()
                0x00025df0                CSMSC951xDevice::~CSMSC951xDevice()
                0x00025e74                non-virtual thunk to CSMSC951xDevice::~CSMSC951xDevice()
                0x00025e7c                CSMSC951xDevice::~CSMSC951xDevice()
                0x00025e9c                CSMSC951xDevice::ReceiveFrame(void*, unsigned int*)
                0x00025fec                non-virtual thunk to CSMSC951xDevice::ReceiveFrame(void*, unsigned int*)
                0x00026070                CSMSC951xDevice::SendFrame(void const*, unsigned int)
                0x000260a4                non-virtual thunk to CSMSC951xDevice::GetMACAddress() const
                0x000260ac                non-virtual thunk to CSMSC951xDevice::~CSMSC951xDevice()
                0x000260d0                non-virtual thunk to CSMSC951xDevice::SendFrame(void const*, unsigned int)
                0x00026108                CSMSC951xDevice::SetMulticastFilter(unsigned char const (*) [6])
                0x00026278                non-virtual thunk to CSMSC951xDevice::SetMulticastFilter(unsigned char const (*) [6])
                0x00026280                CSMSC951xDevice::CSMSC951xDevice(CUSBFunction*)
                0x00026280                CSMSC951xDevice::CSMSC951xDevice(CUSBFunction*)
                0x000262c0                CSMSC951xDevice::Hash(unsigned char const*)
                0x000262d8                CSMSC951xDevice::PHYWaitNotBusy()
                0x00026390                CSMSC951xDevice::PHYWrite(unsigned char, unsigned short)
                0x00026490                CSMSC951xDevice::PHYRead(unsigned char, unsigned short*)
                0x000265b4                CSMSC951xDevice::IsLinkUp()
                0x0002669c                non-virtual thunk to CSMSC951xDevice::IsLinkUp()
                0x00026788                CSMSC951xDevice::GetLinkSpeed()
                0x000268c4                non-virtual thunk to CSMSC951xDevice::GetLinkSpeed()
                0x00026a04                CSMSC951xDevice::WriteReg(unsigned int, unsigned int)
                0x00026a68                CSMSC951xDevice::ReadReg(unsigned int, unsigned int*)
                0x00026acc                CSMSC951xDevice::DumpReg(char const*, unsigned int)
                0x00026b80                CSMSC951xDevice::DumpRegs()
                0x00026cd0                CSMSC951xDevice::Configure()
 .text          0x00027074      0x5a0 ../../circle/lib/usb/libusb.a(usbbluetooth.o)
                0x00027074                CUSBBluetoothDevice::~CUSBBluetoothDevice()
                0x00027074                CUSBBluetoothDevice::~CUSBBluetoothDevice()
                0x00027164                CUSBBluetoothDevice::~CUSBBluetoothDevice()
                0x00027184                CUSBBluetoothDevice::CUSBBluetoothDevice(CUSBFunction*)
                0x00027184                CUSBBluetoothDevice::CUSBBluetoothDevice(CUSBFunction*)
                0x000271c0                CUSBBluetoothDevice::SendHCICommand(void const*, unsigned int)
                0x0002721c                CUSBBluetoothDevice::StartRequest()
                0x000272d8                CUSBBluetoothDevice::RegisterHCIEventHandler(void (*)(void const*, unsigned int))
                0x00027300                CUSBBluetoothDevice::CompletionRoutine(CUSBRequest*)
                0x000273f0                CUSBBluetoothDevice::CompletionStub(CUSBRequest*, void*, void*)
                0x00027418                CUSBBluetoothDevice::Configure()
 .text.startup  0x00027614       0x38 ../../circle/lib/usb/libusb.a(usbbluetooth.o)
 .text          0x0002764c      0x7cc ../../circle/lib/usb/libusb.a(usbcdcethernet.o)
                0x0002764c                CUSBCDCEthernetDevice::GetMACAddress() const
                0x00027654                CUSBCDCEthernetDevice::~CUSBCDCEthernetDevice()
                0x00027654                CUSBCDCEthernetDevice::~CUSBCDCEthernetDevice()
                0x000276d8                non-virtual thunk to CUSBCDCEthernetDevice::~CUSBCDCEthernetDevice()
                0x000276e0                CUSBCDCEthernetDevice::~CUSBCDCEthernetDevice()
                0x00027704                CUSBCDCEthernetDevice::SendFrame(void const*, unsigned int)
                0x00027794                non-virtual thunk to CUSBCDCEthernetDevice::SendFrame(void const*, unsigned int)
                0x0002779c                CUSBCDCEthernetDevice::ReceiveFrame(void*, unsigned int*)
                0x000278f8                non-virtual thunk to CUSBCDCEthernetDevice::ReceiveFrame(void*, unsigned int*)
                0x00027900                CUSBCDCEthernetDevice::CompletionRoutine(CUSBRequest*, void*, void*)
                0x000279b0                CUSBCDCEthernetDevice::SetMulticastFilter(unsigned char const (*) [6])
                0x00027a18                non-virtual thunk to CUSBCDCEthernetDevice::SetMulticastFilter(unsigned char const (*) [6])
                0x00027a20                non-virtual thunk to CUSBCDCEthernetDevice::GetMACAddress() const
                0x00027a28                non-virtual thunk to CUSBCDCEthernetDevice::~CUSBCDCEthernetDevice()
                0x00027a50                CUSBCDCEthernetDevice::CUSBCDCEthernetDevice(CUSBFunction*)
                0x00027a50                CUSBCDCEthernetDevice::CUSBCDCEthernetDevice(CUSBFunction*)
                0x00027b14                CUSBCDCEthernetDevice::GetMACAddressStringIndex()
                0x00027b5c                CUSBCDCEthernetDevice::InitMACAddress(unsigned char)
                0x00027c58                CUSBCDCEthernetDevice::Configure()
 .text._ZN10CNetDevice8IsLinkUpEv
                0x00027e18        0x8 ../../circle/lib/usb/libusb.a(usbcdcethernet.o)
                0x00027e18                CNetDevice::IsLinkUp()
 .text._ZN10CNetDevice12GetLinkSpeedEv
                0x00027e20        0x8 ../../circle/lib/usb/libusb.a(usbcdcethernet.o)
                0x00027e20                CNetDevice::GetLinkSpeed()
 .text          0x00027e28      0xc9c ../../circle/lib/usb/libusb.a(usbfloppydevice.o)
                0x00027e28                CUSBFloppyDiskDevice::Seek(unsigned long long)
                0x00027e3c                CUSBFloppyDiskDevice::~CUSBFloppyDiskDevice()
                0x00027e3c                CUSBFloppyDiskDevice::~CUSBFloppyDiskDevice()
                0x00027f14                CUSBFloppyDiskDevice::~CUSBFloppyDiskDevice()
                0x00027f34                CUSBFloppyDiskDevice::GetSize() const
                0x00027f7c                CUSBFloppyDiskDevice::CUSBFloppyDiskDevice(CUSBFunction*)
                0x00027f7c                CUSBFloppyDiskDevice::CUSBFloppyDiskDevice(CUSBFunction*)
                0x00027fbc                CUSBFloppyDiskDevice::Command(void*, unsigned int, void*, unsigned int, bool)
                0x00028248                CUSBFloppyDiskDevice::WaitUnitReady()
                0x00028368                CUSBFloppyDiskDevice::TryRead(void*, unsigned int)
                0x0002845c                CUSBFloppyDiskDevice::TryWrite(void const*, unsigned int)
                0x00028550                CUSBFloppyDiskDevice::Write(void const*, unsigned int)
                0x00028610                CUSBFloppyDiskDevice::Read(void*, unsigned int)
                0x000286d0                CUSBFloppyDiskDevice::Reset()
                0x00028724                CUSBFloppyDiskDevice::Configure()
 .text.startup  0x00028ac4       0x38 ../../circle/lib/usb/libusb.a(usbfloppydevice.o)
 .text          0x00028afc      0x348 ../../circle/lib/usb/libusb.a(usbconfigparser.o)
                0x00028afc                CUSBConfigurationParser::CUSBConfigurationParser(void const*, unsigned int)
                0x00028afc                CUSBConfigurationParser::CUSBConfigurationParser(void const*, unsigned int)
                0x00028c74                CUSBConfigurationParser::CUSBConfigurationParser(CUSBConfigurationParser*)
                0x00028c74                CUSBConfigurationParser::CUSBConfigurationParser(CUSBConfigurationParser*)
                0x00028cd4                CUSBConfigurationParser::~CUSBConfigurationParser()
                0x00028cd4                CUSBConfigurationParser::~CUSBConfigurationParser()
                0x00028cd8                CUSBConfigurationParser::IsValid() const
                0x00028ce0                CUSBConfigurationParser::GetDescriptor(unsigned char)
                0x00028d8c                CUSBConfigurationParser::GetCurrentDescriptor()
                0x00028dd8                CUSBConfigurationParser::Error(char const*) const
 .text          0x00028e44      0x228 ../../circle/lib/usb/libusb.a(usbgamepad.o)
                0x00028e44                CUSBGamePadDevice::GetInitialState()
                0x00028e4c                CUSBGamePadDevice::Configure()
                0x00028f10                CUSBGamePadDevice::ReportHandler(unsigned char const*, unsigned int)
                0x00028f64                CUSBGamePadDevice::RegisterStatusHandler(void (*)(unsigned int, TGamePadState const*))
                0x00028fa8                CUSBGamePadDevice::CUSBGamePadDevice(CUSBFunction*)
                0x00028fa8                CUSBGamePadDevice::CUSBGamePadDevice(CUSBFunction*)
                0x00028fec                CUSBGamePadDevice::~CUSBGamePadDevice()
                0x00028fec                CUSBGamePadDevice::~CUSBGamePadDevice()
                0x0002904c                CUSBGamePadDevice::~CUSBGamePadDevice()
 .text.startup  0x0002906c       0x38 ../../circle/lib/usb/libusb.a(usbgamepad.o)
 .text          0x000290a4      0x718 ../../circle/lib/usb/libusb.a(usbmidi.o)
                0x000290a4                CUSBMIDIDevice::~CUSBMIDIDevice()
                0x000290a4                CUSBMIDIDevice::~CUSBMIDIDevice()
                0x00029120                CUSBMIDIDevice::~CUSBMIDIDevice()
                0x00029178                CUSBMIDIDevice::CUSBMIDIDevice(CDevice*)
                0x00029178                CUSBMIDIDevice::CUSBMIDIDevice(CDevice*)
                0x000291e4                CUSBMIDIDevice::RegisterPacketHandler(void (*)(unsigned int, unsigned char*, unsigned int))
                0x00029240                CUSBMIDIDevice::RegisterPacketHandler(void (*)(unsigned int, unsigned char*, unsigned int, unsigned int, void*), void*)
                0x00029290                CUSBMIDIDevice::SendEventPackets(unsigned char const*, unsigned int)
                0x000292c4                CUSBMIDIDevice::SendPlainMIDI(unsigned int, unsigned char const*, unsigned int, unsigned int)
                0x000296a0                CUSBMIDIDevice::SetAllSoundOffOnUSBError(bool)
                0x000296a8                CUSBMIDIDevice::CallPacketHandler(unsigned char*, unsigned int)
                0x00029764                CUSBMIDIDevice::RegisterSendEventsHandler(bool (*)(unsigned char const*, unsigned int, void*), void*)
                0x000297b4                CUSBMIDIDevice::GetAllSoundOffOnUSBError() const
 .text.startup  0x000297bc       0x38 ../../circle/lib/usb/libusb.a(usbmidi.o)
 .text          0x000297f4      0x81c ../../circle/lib/usb/libusb.a(usbserialhost.o)
                0x000297f4                CUSBSerialHostDevice::SetBaudRate(unsigned int)
                0x000297fc                CUSBSerialHostDevice::SetLineProperties(TUSBSerialDataBits, TUSBSerialParity, TUSBSerialStopBits)
                0x00029804                CUSBSerialHostDevice::~CUSBSerialHostDevice()
                0x00029804                CUSBSerialHostDevice::~CUSBSerialHostDevice()
                0x000298b4                CUSBSerialHostDevice::~CUSBSerialHostDevice()
                0x000298d4                CUSBSerialHostDevice::Write(void const*, unsigned int)
                0x000299e0                CUSBSerialHostDevice::Read(void*, unsigned int)
                0x00029bc4                CUSBSerialHostDevice::WriteHandler(void const*, unsigned int, void*)
                0x00029bfc                CUSBSerialHostDevice::ReadHandler(void*, unsigned int, void*)
                0x00029c34                CUSBSerialHostDevice::SetLinePropertiesHandler(TUSBSerialDataBits, TUSBSerialParity, TUSBSerialStopBits, void*)
                0x00029c90                CUSBSerialHostDevice::SetBaudRateHandler(unsigned int, void*)
                0x00029ce4                CUSBSerialHostDevice::CUSBSerialHostDevice(CUSBFunction*, unsigned int)
                0x00029ce4                CUSBSerialHostDevice::CUSBSerialHostDevice(CUSBFunction*, unsigned int)
                0x00029d48                CUSBSerialHostDevice::CompletionRoutine(CUSBRequest*)
                0x00029e3c                CUSBSerialHostDevice::CompletionStub(CUSBRequest*, void*, void*)
                0x00029e64                CUSBSerialHostDevice::Configure()
 .text          0x0002a010      0x404 ../../circle/lib/usb/libusb.a(usbserial.o)
                0x0002a010                CUSBSerialDevice::~CUSBSerialDevice()
                0x0002a010                CUSBSerialDevice::~CUSBSerialDevice()
                0x0002a070                CUSBSerialDevice::Write(void const*, unsigned int)
                0x0002a144                CUSBSerialDevice::Read(void*, unsigned int)
                0x0002a188                CUSBSerialDevice::~CUSBSerialDevice()
                0x0002a1f4                CUSBSerialDevice::CUSBSerialDevice(CDevice*)
                0x0002a1f4                CUSBSerialDevice::CUSBSerialDevice(CDevice*)
                0x0002a268                CUSBSerialDevice::SetBaudRate(unsigned int)
                0x0002a28c                CUSBSerialDevice::SetLineProperties(TUSBSerialDataBits, TUSBSerialParity, TUSBSerialStopBits)
                0x0002a2c4                CUSBSerialDevice::GetOptions() const
                0x0002a2cc                CUSBSerialDevice::SetOptions(unsigned int)
                0x0002a2d4                CUSBSerialDevice::RegisterWriteHandler(int (*)(void const*, unsigned int, void*), void*)
                0x0002a324                CUSBSerialDevice::RegisterReadHandler(int (*)(void*, unsigned int, void*), void*)
                0x0002a374                CUSBSerialDevice::RegisterSetBaudRateHandler(bool (*)(unsigned int, void*), void*)
                0x0002a3c4                CUSBSerialDevice::RegisterSetLinePropertiesHandler(bool (*)(TUSBSerialDataBits, TUSBSerialParity, TUSBSerialStopBits, void*), void*)
 .text.startup  0x0002a414       0x38 ../../circle/lib/usb/libusb.a(usbserial.o)
 .text          0x0002a44c      0x388 ../../circle/lib/input/libinput.a(keyboardbehaviour.o)
                0x0002a44c                CKeyboardBehaviour::CKeyboardBehaviour()
                0x0002a44c                CKeyboardBehaviour::CKeyboardBehaviour()
                0x0002a47c                CKeyboardBehaviour::~CKeyboardBehaviour()
                0x0002a47c                CKeyboardBehaviour::~CKeyboardBehaviour()
                0x0002a4a4                CKeyboardBehaviour::RegisterKeyPressedHandler(void (*)(char const*))
                0x0002a4d0                CKeyboardBehaviour::RegisterSelectConsoleHandler(void (*)(unsigned int))
                0x0002a4fc                CKeyboardBehaviour::RegisterShutdownHandler(void (*)())
                0x0002a528                CKeyboardBehaviour::GetLEDStatus() const
                0x0002a530                CKeyboardBehaviour::GenerateKeyEvent(unsigned char)
                0x0002a5fc                CKeyboardBehaviour::TimerStub(unsigned int, void*, void*)
                0x0002a6a4                CKeyboardBehaviour::KeyPressed(unsigned char)
                0x0002a6e4                CKeyboardBehaviour::KeyReleased(unsigned char)
                0x0002a74c                CKeyboardBehaviour::TimerHandler(unsigned int)
 .text          0x0002a7d4      0x450 ../../circle/lib/input/libinput.a(keymap.o)
                0x0002a7d4                CKeyMap::CKeyMap()
                0x0002a7d4                CKeyMap::CKeyMap()
                0x0002a8d4                CKeyMap::~CKeyMap()
                0x0002a8d4                CKeyMap::~CKeyMap()
                0x0002a8d8                CKeyMap::ClearTable(unsigned char)
                0x0002a910                CKeyMap::SetEntry(unsigned char, unsigned char, unsigned short)
                0x0002a960                CKeyMap::Translate(unsigned char, unsigned char)
                0x0002aabc                CKeyMap::GetString(unsigned short, unsigned char, char*) const
                0x0002ab80                CKeyMap::GetLEDStatus() const
                0x0002aba4                CKeyMap::LookupDefaultMap(char const*)
 .text          0x0002ac24      0x248 ../../circle/lib/input/libinput.a(mouse.o)
                0x0002ac2c                CMouseDevice::~CMouseDevice()
                0x0002ac2c                CMouseDevice::~CMouseDevice()
                0x0002ac8c                CMouseDevice::~CMouseDevice()
                0x0002acac                CMouseDevice::CMouseDevice(unsigned int, bool, CDevice*)
                0x0002acac                CMouseDevice::CMouseDevice(unsigned int, bool, CDevice*)
                0x0002ad30                CMouseDevice::Setup(CDisplay*, bool)
                0x0002ad38                CMouseDevice::Release()
                0x0002ad40                CMouseDevice::RegisterEventHandler(void (*)(TMouseEvent, unsigned int, unsigned int, unsigned int, int))
                0x0002ad48                CMouseDevice::SetCursor(unsigned int, unsigned int)
                0x0002ad50                CMouseDevice::ShowCursor(bool)
                0x0002ad58                CMouseDevice::UpdateCursor()
                0x0002ad6c                CMouseDevice::RegisterStatusHandler(void (*)(unsigned int, int, int, int, void*), void*)
                0x0002adbc                CMouseDevice::RegisterStatusHandler(void (*)(unsigned int, int, int, int))
                0x0002adf8                CMouseDevice::ReportHandler(unsigned int, int, int, int)
                0x0002ae5c                CMouseDevice::GetButtonCount() const
                0x0002ae64                CMouseDevice::HasWheel() const
 .text.startup  0x0002ae6c       0x38 ../../circle/lib/input/libinput.a(mouse.o)
 *fill*         0x0002aea4        0x4 
 .text          0x0002aea8      0x4a0 ../../circle/lib/input/libinput.a(touchscreen.o)
                0x0002aea8                CTouchScreenDevice::~CTouchScreenDevice()
                0x0002aea8                CTouchScreenDevice::~CTouchScreenDevice()
                0x0002af0c                CTouchScreenDevice::~CTouchScreenDevice()
                0x0002af7c                CTouchScreenDevice::CTouchScreenDevice(void (*)(void*), void*, CDevice*)
                0x0002af7c                CTouchScreenDevice::CTouchScreenDevice(void (*)(void*), void*, CDevice*)
                0x0002b028                CTouchScreenDevice::Setup(CDisplay*)
                0x0002b0dc                CTouchScreenDevice::Update()
                0x0002b0f0                CTouchScreenDevice::RegisterEventHandler(void (*)(TTouchScreenEvent, unsigned int, unsigned int, unsigned int))
                0x0002b13c                CTouchScreenDevice::SetCalibration(unsigned int const*)
                0x0002b230                CTouchScreenDevice::ReportHandler(TTouchScreenEvent, unsigned int, unsigned int, unsigned int)
 .text.startup  0x0002b348       0x38 ../../circle/lib/input/libinput.a(touchscreen.o)
 .text          0x0002b380      0x768 ../../circle/lib/input/libinput.a(mousebehaviour.o)
                0x0002b408                CMouseBehaviour::CMouseBehaviour()
                0x0002b408                CMouseBehaviour::CMouseBehaviour()
                0x0002b438                CMouseBehaviour::~CMouseBehaviour()
                0x0002b438                CMouseBehaviour::~CMouseBehaviour()
                0x0002b47c                CMouseBehaviour::Setup(CDisplay*, bool)
                0x0002b6ec                CMouseBehaviour::Release()
                0x0002b764                CMouseBehaviour::RegisterEventHandler(void (*)(TMouseEvent, unsigned int, unsigned int, unsigned int, int))
                0x0002b7b0                CMouseBehaviour::SetCursor(unsigned int, unsigned int)
                0x0002b854                CMouseBehaviour::ShowCursor(bool)
                0x0002b8d4                CMouseBehaviour::UpdateCursor()
                0x0002b910                CMouseBehaviour::MouseStatusChanged(unsigned int, int, int, int)
                0x0002bad0                CMouseBehaviour::SetCursorState(unsigned int, unsigned int, bool)
 .text          0x0002bae8     0x1cd8 ../../circle/lib/sound/libsound.a(soundbasedevice.o)
                0x0002bae8                CSoundBaseDevice::GetRangeMin() const
                0x0002baf0                CSoundBaseDevice::GetRangeMax() const
                0x0002baf8                CSoundBaseDevice::Flush()
                0x0002bb74                CSoundBaseDevice::CSoundBaseDevice()
                0x0002bb74                CSoundBaseDevice::CSoundBaseDevice()
                0x0002bbf8                CSoundBaseDevice::~CSoundBaseDevice()
                0x0002bbf8                CSoundBaseDevice::~CSoundBaseDevice()
                0x0002bc58                CSoundBaseDevice::~CSoundBaseDevice()
                0x0002bcc4                CSoundBaseDevice::Setup(TSoundFormat, unsigned int, unsigned int, unsigned int, unsigned int, bool)
                0x0002c018                CSoundBaseDevice::CSoundBaseDevice(TSoundFormat, unsigned int, unsigned int, bool)
                0x0002c018                CSoundBaseDevice::CSoundBaseDevice(TSoundFormat, unsigned int, unsigned int, bool)
                0x0002c0d8                CSoundBaseDevice::GetHWTXChannels() const
                0x0002c0e0                CSoundBaseDevice::GetHWRXChannels() const
                0x0002c0e8                CSoundBaseDevice::AllocateQueue(unsigned int)
                0x0002c180                CSoundBaseDevice::AllocateQueueFrames(unsigned int)
                0x0002c204                CSoundBaseDevice::SetWriteFormat(TSoundFormat, unsigned int)
                0x0002c2c8                CSoundBaseDevice::GetQueueSizeFrames()
                0x0002c2fc                CSoundBaseDevice::RegisterNeedDataCallback(void (*)(void*), void*)
                0x0002c350                CSoundBaseDevice::AreChannelsSwapped() const
                0x0002c358                CSoundBaseDevice::AllocateReadQueue(unsigned int)
                0x0002c3f0                CSoundBaseDevice::AllocateReadQueueFrames(unsigned int)
                0x0002c474                CSoundBaseDevice::SetReadFormat(TSoundFormat, unsigned int, bool)
                0x0002c53c                CSoundBaseDevice::GetReadQueueSizeFrames()
                0x0002c570                CSoundBaseDevice::RegisterHaveDataCallback(void (*)(void*), void*)
                0x0002c5c4                CSoundBaseDevice::ConvertIEC958Sample(unsigned int, unsigned int)
                0x0002c674                CSoundBaseDevice::ConvertSoundFormat(void*, void const*)
                0x0002c7b0                CSoundBaseDevice::GetQueueBytesFree()
                0x0002c83c                CSoundBaseDevice::GetQueueBytesAvail()
                0x0002c8c0                CSoundBaseDevice::GetQueueFramesAvail()
                0x0002c934                CSoundBaseDevice::Enqueue(void const*, unsigned int)
                0x0002c9d4                CSoundBaseDevice::Write(void const*, unsigned int)
                0x0002cce4                CSoundBaseDevice::Dequeue(void*, unsigned int)
                0x0002cd84                CSoundBaseDevice::GetChunkInternal(void*, unsigned int)
                0x0002cfcc                CSoundBaseDevice::GetChunk(short*, unsigned int)
                0x0002cff8                CSoundBaseDevice::GetChunk(unsigned int*, unsigned int)
                0x0002d028                CSoundBaseDevice::ConvertReadSoundFormat(void*, void const*)
                0x0002d0f8                CSoundBaseDevice::GetReadQueueBytesFree()
                0x0002d184                CSoundBaseDevice::GetReadQueueBytesAvail()
                0x0002d208                CSoundBaseDevice::GetReadQueueFramesAvail()
                0x0002d27c                CSoundBaseDevice::ReadEnqueue(void const*, unsigned int)
                0x0002d31c                CSoundBaseDevice::PutChunkInternal(void const*, unsigned int)
                0x0002d430                CSoundBaseDevice::PutChunk(short const*, unsigned int)
                0x0002d45c                CSoundBaseDevice::PutChunk(unsigned int const*, unsigned int)
                0x0002d48c                CSoundBaseDevice::ReadDequeue(void*, unsigned int)
                0x0002d52c                CSoundBaseDevice::Read(void*, unsigned int)
 .text._ZN16CSoundBaseDevice13GetControllerEv
                0x0002d7c0        0x8 ../../circle/lib/sound/libsound.a(soundbasedevice.o)
                0x0002d7c0                CSoundBaseDevice::GetController()
 .text          0x0002d7c8      0xec8 ../../circle/lib/sound/libsound.a(hdmisoundbasedevice.o)
                0x0002d7c8                CHDMISoundBaseDevice::IsActive() const
                0x0002d7e8                CHDMISoundBaseDevice::Cancel()
                0x0002d928                CHDMISoundBaseDevice::CHDMISoundBaseDevice(CInterruptSystem*, unsigned int, unsigned int)
                0x0002d928                CHDMISoundBaseDevice::CHDMISoundBaseDevice(CInterruptSystem*, unsigned int, unsigned int)
                0x0002da74                CHDMISoundBaseDevice::CHDMISoundBaseDevice(unsigned int)
                0x0002da74                CHDMISoundBaseDevice::CHDMISoundBaseDevice(unsigned int)
                0x0002db10                CHDMISoundBaseDevice::IsWritable()
                0x0002db4c                CHDMISoundBaseDevice::WriteSample(int)
                0x0002dba8                CHDMISoundBaseDevice::StopHDMI()
                0x0002dbdc                CHDMISoundBaseDevice::DMACompletionRoutine(unsigned int, unsigned int, bool)
                0x0002dd84                CHDMISoundBaseDevice::DMACompletionStub(unsigned int, unsigned int, bool, void*)
                0x0002ddbc                CHDMISoundBaseDevice::SampleRateToHWFormat(unsigned int)
                0x0002ddf0                CHDMISoundBaseDevice::WaitForBit(unsigned int, unsigned int, bool, unsigned int)
                0x0002de7c                CHDMISoundBaseDevice::ResetHDMI()
                0x0002df08                CHDMISoundBaseDevice::~CHDMISoundBaseDevice()
                0x0002df08                CHDMISoundBaseDevice::~CHDMISoundBaseDevice()
                0x0002dff0                CHDMISoundBaseDevice::~CHDMISoundBaseDevice()
                0x0002e010                CHDMISoundBaseDevice::SetAudioInfoFrame()
                0x0002e0f8                CHDMISoundBaseDevice::GetHSMClockRate()
                0x0002e144                CHDMISoundBaseDevice::GetPixelClockRate()
                0x0002e200                CHDMISoundBaseDevice::rational_best_approximation(unsigned long, unsigned long, unsigned long, unsigned long, unsigned long*, unsigned long*)
                0x0002e2ac                CHDMISoundBaseDevice::RunHDMI()
                0x0002e480                CHDMISoundBaseDevice::Start()
 .text          0x0002e690     0x169c ../../circle/addon/SDCard/libsdcard.a(emmc.o)
                0x0002e690                CEMMCDevice::Seek(unsigned long long)
                0x0002e6a4                CEMMCDevice::GetSize() const
                0x0002e6b0                CEMMCDevice::CEMMCDevice(CInterruptSystem*, CTimer*, CActLED*, CEMMCDevice::TDeviceSelector)
                0x0002e6b0                CEMMCDevice::CEMMCDevice(CInterruptSystem*, CTimer*, CActLED*, CEMMCDevice::TDeviceSelector)
                0x0002e788                CEMMCDevice::GetCSDField(unsigned int, unsigned int) const
                0x0002e7c4                CEMMCDevice::usDelay(unsigned int)
                0x0002e7f4                CEMMCDevice::LogWrite(TLogSeverity, char const*, ...)
                0x0002e878                CEMMCDevice::IssueCommandInt(unsigned int, unsigned int, int)
                0x0002ea40                CEMMCDevice::IssueCommand(unsigned int, unsigned int, int)
                0x0002eb3c                CEMMCDevice::DoDataCommand(int, unsigned char*, unsigned int, unsigned int)
                0x0002eca4                CEMMCDevice::CardReset()
                0x0002f698                CEMMCDevice::CardInit()
                0x0002f6e0                CEMMCDevice::EnsureDataMode()
                0x0002f988                CEMMCDevice::DoRead(unsigned char*, unsigned int, unsigned int)
                0x0002f9dc                CEMMCDevice::DoWrite(unsigned char*, unsigned int, unsigned int)
                0x0002fa34                CEMMCDevice::Read(void*, unsigned int)
                0x0002fae0                CEMMCDevice::Write(void const*, unsigned int)
                0x0002fb90                CEMMCDevice::GetID()
                0x0002fb98                CEMMCDevice::~CEMMCDevice()
                0x0002fb98                CEMMCDevice::~CEMMCDevice()
                0x0002fc1c                CEMMCDevice::~CEMMCDevice()
                0x0002fc3c                CEMMCDevice::Initialize()
 .text          0x0002fd2c      0x408 ../../circle/addon/SDCard/libsdcard.a(mmchost.o)
                0x0002fd2c                CMMCHost::CMMCHost()
                0x0002fd2c                CMMCHost::CMMCHost()
                0x0002fd54                CMMCHost::~CMMCHost()
                0x0002fd54                CMMCHost::~CMMCHost()
                0x0002fd58                CMMCHost::~CMMCHost()
                0x0002fd70                CMMCHost::SetClock(unsigned int)
                0x0002fd88                CMMCHost::SetBusWidth(unsigned int)
                0x0002fdd8                CMMCHost::RequestSync(mmc_request*)
                0x0002fe24                CMMCHost::PrepareRequest(mmc_request*)
                0x0002fed8                CMMCHost::Command(mmc_command*, unsigned int)
                0x00030018                mmc_request_done(mmc_host*, mmc_request*)
                0x0003004c                CMMCHost::sg_miter_start(sg_mapping_iter*, void*, unsigned int, unsigned int)
                0x000300bc                CMMCHost::sg_miter_next(sg_mapping_iter*)
                0x00030130                CMMCHost::sg_miter_stop(sg_mapping_iter*)
 *fill*         0x00030134        0x4 
 .text          0x00030138     0x26a4 ../../circle/addon/SDCard/libsdcard.a(sdhost.o)
                0x000301cc                CSDHOSTDevice::~CSDHOSTDevice()
                0x000301cc                CSDHOSTDevice::~CSDHOSTDevice()
                0x0003025c                CSDHOSTDevice::~CSDHOSTDevice()
                0x0003027c                CSDHOSTDevice::CSDHOSTDevice(CInterruptSystem*, CTimer*)
                0x0003027c                CSDHOSTDevice::CSDHOSTDevice(CInterruptSystem*, CTimer*)
                0x00030354                CSDHOSTDevice::set_sdhost_clock(unsigned int*)
                0x000303d4                CSDHOSTDevice::dumpcmd(mmc_command*, char const*)
                0x000303e0                CSDHOSTDevice::dumpregs()
                0x00030760                CSDHOSTDevice::set_power(bool)
                0x00030774                CSDHOSTDevice::reset_internal()
                0x00030874                CSDHOSTDevice::Reset()
                0x000308ac                CSDHOSTDevice::reset(mmc_host*)
                0x000308e4                CSDHOSTDevice::wait_transfer_complete()
                0x000309cc                CSDHOSTDevice::read_block_pio()
                0x00030be4                CSDHOSTDevice::write_block_pio()
                0x00030e04                CSDHOSTDevice::transfer_pio()
                0x00030f24                CSDHOSTDevice::set_transfer_irqs()
                0x00030f4c                CSDHOSTDevice::prepare_data(mmc_command*)
                0x00031078                CSDHOSTDevice::set_clock(unsigned int)
                0x0003136c                CSDHOSTDevice::set_ios(mmc_host*, mmc_ios*)
                0x00031470                CSDHOSTDevice::SetIOS(mmc_ios*)
                0x0003149c                CSDHOSTDevice::init(int)
                0x000314e0                CSDHOSTDevice::tasklet_finish()
                0x00031670                CSDHOSTDevice::send_command(mmc_command*)
                0x000318c0                CSDHOSTDevice::finish_command()
                0x00031d24                CSDHOSTDevice::transfer_complete()
                0x00031e14                CSDHOSTDevice::finish_data()
                0x00031e94                CSDHOSTDevice::data_irq(unsigned int)
                0x00031f60                CSDHOSTDevice::block_irq(unsigned int)
                0x00032050                CSDHOSTDevice::busy_irq(unsigned int)
                0x000321bc                CSDHOSTDevice::irq_handler()
                0x00032268                CSDHOSTDevice::irq_stub(void*)
                0x00032290                CSDHOSTDevice::request(mmc_host*, mmc_request*)
                0x00032558                CSDHOSTDevice::Request(mmc_request*)
                0x00032584                CSDHOSTDevice::add_host()
                0x00032698                CSDHOSTDevice::probe()
                0x00032798                CSDHOSTDevice::Initialize()
                0x000327ac                CSDHOSTDevice::remove()
 .text          0x000327dc      0xadc ../../circle/lib/fs/fat/libfatfs.a(fatfs.o)
                0x000327dc                CFATFileSystem::CFATFileSystem()