Archive member included to satisfy reference by file (symbol)

../../circle/lib/usb/libusb.a(usbhostcontroller.o)
                              kernel.o (CUSBHostController::UpdatePlugAndPlay())
../../circle/lib/usb/libusb.a(usbkeyboard.o)
                              kernel.o (CUSBKeyboardDevice::RegisterKeyStatusHandlerRaw(void (*)(unsigned char, unsigned char const*), bool))
../../circle/lib/usb/libusb.a(usbrequest.o)
                              ../../circle/lib/usb/libusb.a(usbhostcontroller.o) (CUSBRequest::CUSBRequest(CUSBEndpoint*, void*, unsigned int, TSetupData*))
../../circle/lib/usb/libusb.a(usbstandardhub.o)
                              ../../circle/lib/usb/libusb.a(usbhostcontroller.o) (CUSBStandardHub::HandlePortStatusChange())
../../circle/lib/usb/libusb.a(dwhcidevice.o)
                              kernel.o (CDWHCIDevice::CDWHCIDevice(CInterruptSystem*, CTimer*, bool))
../../circle/lib/usb/libusb.a(dwhciframeschednper.o)
                              ../../circle/lib/usb/libusb.a(dwhcidevice.o) (CDWHCIFrameSchedulerNonPeriodic::InitProtectedAllocator(unsigned int, unsigned int))
../../circle/lib/usb/libusb.a(dwhciframeschednsplit.o)
                              ../../circle/lib/usb/libusb.a(dwhcidevice.o) (CDWHCIFrameSchedulerNoSplit::InitProtectedAllocator(unsigned int, unsigned int))
../../circle/lib/usb/libusb.a(dwhciframeschedper.o)
                              ../../circle/lib/usb/libusb.a(dwhcidevice.o) (CDWHCIFrameSchedulerPeriodic::InitProtectedAllocator(unsigned int, unsigned int))
../../circle/lib/usb/libusb.a(dwhcirootport.o)
                              ../../circle/lib/usb/libusb.a(dwhcidevice.o) (CDWHCIRootPort::~CDWHCIRootPort())
../../circle/lib/usb/libusb.a(dwhcixactqueue.o)
                              ../../circle/lib/usb/libusb.a(dwhcidevice.o) (CDWHCITransactionQueue::CDWHCITransactionQueue(unsigned int, unsigned int))
../../circle/lib/usb/libusb.a(dwhcixferstagedata.o)
                              ../../circle/lib/usb/libusb.a(dwhcidevice.o) (CDWHCITransferStageData::CDWHCITransferStageData(unsigned int, CUSBRequest*, bool, bool, unsigned int))
../../circle/lib/usb/libusb.a(dwhciframeschediso.o)
                              ../../circle/lib/usb/libusb.a(dwhcixferstagedata.o) (CDWHCIFrameSchedulerIsochronous::CDWHCIFrameSchedulerIsochronous(bool))
../../circle/lib/usb/libusb.a(usbdevice.o)
                              ../../circle/lib/usb/libusb.a(dwhcirootport.o) (CUSBDevice::CUSBDevice(CUSBHostController*, TUSBSpeed, CUSBHCIRootPort*))
../../circle/lib/usb/libusb.a(usbdevicefactory.o)
                              ../../circle/lib/usb/libusb.a(usbdevice.o) (CUSBDeviceFactory::GetDevice(CUSBFunction*, CString*))
../../circle/lib/usb/libusb.a(usbendpoint.o)
                              ../../circle/lib/usb/libusb.a(usbdevice.o) (CUSBEndpoint::CUSBEndpoint(CUSBDevice*))
../../circle/lib/usb/libusb.a(usbfunction.o)
                              ../../circle/lib/usb/libusb.a(usbkeyboard.o) (CUSBFunction::Initialize())
../../circle/lib/usb/libusb.a(usbgamepadps3.o)
                              ../../circle/lib/usb/libusb.a(usbdevicefactory.o) (CUSBGamePadPS3Device::CUSBGamePadPS3Device(CUSBFunction*))
../../circle/lib/usb/libusb.a(usbgamepadps4.o)
                              ../../circle/lib/usb/libusb.a(usbdevicefactory.o) (CUSBGamePadPS4Device::CUSBGamePadPS4Device(CUSBFunction*))
../../circle/lib/usb/libusb.a(usbgamepadstandard.o)
                              ../../circle/lib/usb/libusb.a(usbgamepadps3.o) (CUSBGamePadStandardDevice::~CUSBGamePadStandardDevice())
../../circle/lib/usb/libusb.a(usbgamepadswitchpro.o)
                              ../../circle/lib/usb/libusb.a(usbdevicefactory.o) (CUSBGamePadSwitchProDevice::CUSBGamePadSwitchProDevice(CUSBFunction*))
../../circle/lib/usb/libusb.a(usbgamepadxbox360.o)
                              ../../circle/lib/usb/libusb.a(usbdevicefactory.o) (CUSBGamePadXbox360Device::CUSBGamePadXbox360Device(CUSBFunction*))
../../circle/lib/usb/libusb.a(usbgamepadxboxone.o)
                              ../../circle/lib/usb/libusb.a(usbdevicefactory.o) (CUSBGamePadXboxOneDevice::CUSBGamePadXboxOneDevice(CUSBFunction*))
../../circle/lib/usb/libusb.a(usbhiddevice.o)
                              ../../circle/lib/usb/libusb.a(usbkeyboard.o) (CUSBHIDDevice::CUSBHIDDevice(CUSBFunction*, unsigned int))
../../circle/lib/usb/libusb.a(usbmassdevice.o)
                              ../../circle/lib/usb/libusb.a(usbdevicefactory.o) (CUSBBulkOnlyMassStorageDevice::CUSBBulkOnlyMassStorageDevice(CUSBFunction*))
../../circle/lib/usb/libusb.a(usbmidihost.o)
                              ../../circle/lib/usb/libusb.a(usbdevicefactory.o) (CUSBMIDIHostDevice::CUSBMIDIHostDevice(CUSBFunction*))
../../circle/lib/usb/libusb.a(usbmouse.o)
                              ../../circle/lib/usb/libusb.a(usbdevicefactory.o) (CUSBMouseDevice::CUSBMouseDevice(CUSBFunction*))
../../circle/lib/usb/libusb.a(usbprinter.o)
[...]
Memory Configuration

Name             Origin             Length             Attributes
*default*        0x00000000         0xffffffff

Linker script and memory map

Address of section .init set to 0x8000

.init           0x00008000       0x70
 *(.init)
 .init          0x00008000       0x70 ../../circle/lib/libcircle.a(startup.o)
                0x00008000                _start
                0x00008064                _start_secondary

.text           0x00008070    0x3e660
 *(.text*)
 .text          0x00008070        0x0 main.o
 .text.startup  0x00008070       0x40 main.o
                0x00008070                main
 .text          0x000080b0     0x3598 kernel.o
                0x000080b0                CKernel::KeyboardRawHandler(unsigned char, unsigned char const*)
                0x0000810c                CKernel::GamePadStatusHandler(unsigned int, TGamePadState const*)
                0x00008148                CKernel::KeyboardRemovedHandler(CDevice*, void*)
                0x0000818c                CKernel::GamePadRemovedHandler(CDevice*, void*)
                0x000081f4                CKernel::CKernel()
                0x000081f4                CKernel::CKernel()
                0x0000849c                CKernel::SetZXKeyState(int, int, bool)
                0x000084ec                CKernel::SetZXJoyState(unsigned int, bool)
                0x00008544                CKernel::ResetSpectrum()
                0x000085f0                CKernel::LoadOptional128KROMs()
                0x0000876c                CKernel::BlitSpectrumFramebuffer(unsigned char const*)
                0x00008974                CKernel::RenderSplashWithFade()
                0x00008a54                CKernel::GetOSDEntryCount() const
                0x00008a80                CKernel::OSDMoveSelection(int)
                0x00008b18                CKernel::LoadSnapshot(unsigned int)
                0x00008da0                CKernel::LoadTape(unsigned int)
                0x00008fe8                CKernel::HasRawKey(unsigned char const*, unsigned char)
                0x00009014                CKernel::HasZ80Extension(char const*)
                0x00009144                CKernel::OSDActivateSelection()
                0x0000921c                CKernel::HasTapeExtension(char const*)
                0x00009384                CKernel::ReloadSnapshots()
                0x00009578                CKernel::~CKernel()
                0x00009578                CKernel::~CKernel()
                0x00009668                CKernel::Initialize()
                0x00009918                CKernel::RenderOSD()
                0x0000a0ac                CKernel::ToggleOSD()
                0x0000a36c                CKernel::ApplyInputReport()
                0x0000b214                CKernel::Run()
 .text          0x0000b648       0x10 compat.o
                0x0000b648                printf
 .text          0x0000b658     0x4c54 z80.o
                0x0000ff10                z80_step
                0x0000ffbc                z80_init
                0x00010098                z80_interrupt
                0x00010228                z80_nmi
 .text          0x000102ac     0x1f7c spectrum.o
                0x000111dc                zx_init
                0x00011298                zx_set_rom
                0x000112d4                zx_set_128k_roms
                0x0001131c                zx_tick
                0x00011950                zx_frame
                0x00011970                zx_key_down
                0x00011998                zx_key_up
                0x000119c0                zx_joy_down
                0x000119d8                zx_joy_up
                0x000119f0                zx_set_ear
                0x00011a04                zx_ula_scanline
                0x00011a6c                zx_render_screen
                0x00011b4c                zx_set_framebuffer
                0x00011b60                zx_load_z80
 .text          0x00012228      0xe30 tzx.o
                0x00012228                tzx_load
                0x000122e0                tzx_play
                0x00012330                tzx_stop
                0x00012340                tzx_set_speedup
                0x00012358                tzx_set_machine
                0x00012370                tzx_is_playing
                0x00012378                tzx_update
 .text          0x00013058      0x5c8 ../../circle/lib/usb/libusb.a(usbhostcontroller.o)
                0x00013058                CUSBHostController::UpdatePlugAndPlay()
                0x0001319c                CUSBHostController::CUSBHostController(bool)
                0x0001319c                CUSBHostController::CUSBHostController(bool)
                0x000131dc                CUSBHostController::~CUSBHostController()
                0x000131dc                CUSBHostController::~CUSBHostController()
                0x0001320c                CUSBHostController::~CUSBHostController()
                0x00013248                CUSBHostController::ControlMessage(CUSBEndpoint*, unsigned char, unsigned char, unsigned short, unsigned short, void*, unsigned short)
                0x00013334                CUSBHostController::GetDescriptor(CUSBEndpoint*, unsigned char, unsigned char, void*, unsigned int, unsigned char, unsigned short)
                0x00013368                CUSBHostController::SetAddress(CUSBEndpoint*, unsigned char)
                0x000133b0                CUSBHostController::SetConfiguration(CUSBEndpoint*, unsigned char)
                0x000133f8                CUSBHostController::Transfer(CUSBEndpoint*, void*, unsigned int, unsigned int)
                0x0001345c                CUSBHostController::IsPlugAndPlay() const
                0x00013464                CUSBHostController::PortStatusChanged(CUSBHCIRootPort*)
                0x0001352c                CUSBHostController::PortStatusChanged(CUSBStandardHub*)
                0x000135f4                CUSBHostController::Get()
 .text._ZN18CUSBHostController24CancelDeviceTransactionsEP10CUSBDevice
                0x00013620        0x4 ../../circle/lib/usb/libusb.a(usbhostcontroller.o)
                0x00013620                CUSBHostController::CancelDeviceTransactions(CUSBDevice*)
 .text          0x00013624      0x52c ../../circle/lib/usb/libusb.a(usbkeyboard.o)
                0x00013628                CUSBKeyboardDevice::~CUSBKeyboardDevice()
                0x00013628                CUSBKeyboardDevice::~CUSBKeyboardDevice()
                0x00013690                CUSBKeyboardDevice::~CUSBKeyboardDevice()
                0x000136b0                CUSBKeyboardDevice::ReportHandler(unsigned char const*, unsigned int)
                0x0001383c                CUSBKeyboardDevice::CUSBKeyboardDevice(CUSBFunction*)
                0x0001383c                CUSBKeyboardDevice::CUSBKeyboardDevice(CUSBFunction*)
                0x00013898                CUSBKeyboardDevice::RegisterKeyPressedHandler(void (*)(char const*))
                0x000138a0                CUSBKeyboardDevice::RegisterSelectConsoleHandler(void (*)(unsigned int))
                0x000138a8                CUSBKeyboardDevice::RegisterShutdownHandler(void (*)())
                0x000138b0                CUSBKeyboardDevice::GetLEDStatus() const
                0x000138d8                CUSBKeyboardDevice::RegisterKeyStatusHandlerRaw(void (*)(unsigned char, unsigned char const*, void*), bool, void*)
                0x00013908                CUSBKeyboardDevice::RegisterKeyStatusHandlerRaw(void (*)(unsigned char, unsigned char const*), bool)
                0x00013920                CUSBKeyboardDevice::UnregisterKeyStatusHandlerRaw()
                0x00013930                CUSBKeyboardDevice::SetLEDs(unsigned char)
                0x000139bc                CUSBKeyboardDevice::Configure()
                0x00013aac                CUSBKeyboardDevice::UpdateLEDs()
                0x00013b24                CUSBKeyboardDevice::FindByte(unsigned char const*, unsigned char, unsigned int)
 .text.startup  0x00013b50       0x38 ../../circle/lib/usb/libusb.a(usbkeyboard.o)
 .text          0x00013b88      0x45c ../../circle/lib/usb/libusb.a(usbrequest.o)
                0x00013b88                CUSBRequest::CUSBRequest(CUSBEndpoint*, void*, unsigned int, TSetupData*)
                0x00013b88                CUSBRequest::CUSBRequest(CUSBEndpoint*, void*, unsigned int, TSetupData*)
                0x00013c10                CUSBRequest::~CUSBRequest()
                0x00013c10                CUSBRequest::~CUSBRequest()
                0x00013c14                CUSBRequest::GetEndpoint() const
                0x00013c38                CUSBRequest::SetStatus(int)
                0x00013c40                CUSBRequest::SetResultLen(unsigned int)
                0x00013c48                CUSBRequest::SetUSBError(TUSBError)
                0x00013c50                CUSBRequest::GetStatus() const
                0x00013c58                CUSBRequest::GetResultLength() const
                0x00013c84                CUSBRequest::GetUSBError() const
                0x00013cb0                CUSBRequest::GetSetupData()
                0x00013cfc                CUSBRequest::GetBuffer()
                0x00013d30                CUSBRequest::GetBufLen() const
                0x00013d38                CUSBRequest::AddIsoPacket(unsigned short)
                0x00013dac                CUSBRequest::GetNumIsoPackets() const
                0x00013dd0                CUSBRequest::GetIsoPacketSize(unsigned int) const
                0x00013e00                CUSBRequest::SetCompletionRoutine(void (*)(CUSBRequest*, void*, void*), void*, void*)
                0x00013e2c                CUSBRequest::CallCompletionRoutine()
                0x00013e64                CUSBRequest::SetCompleteOnNAK()
                0x00013e70                CUSBRequest::IsCompleteOnNAK() const
                0x00013e78                CUSBRequest::operator new(unsigned int)
                0x00013ec8                CUSBRequest::operator delete(void*, unsigned int)
                0x00013f20                CUSBRequest::InitAllocator(unsigned int)
                0x00013f78                CUSBRequest::InitProtectedAllocator(unsigned int, unsigned int)
 .text          0x00013fe4     0x108c ../../circle/lib/usb/libusb.a(usbstandardhub.o)
                0x00013fe4                CUSBStandardHub::~CUSBStandardHub()
                0x00013fe4                CUSBStandardHub::~CUSBStandardHub()
                0x00014100                CUSBStandardHub::~CUSBStandardHub()
                0x00014120                CUSBStandardHub::CUSBStandardHub(CUSBFunction*)
                0x00014120                CUSBStandardHub::CUSBStandardHub(CUSBFunction*)
                0x0001417c                CUSBStandardHub::DisablePort(unsigned int)
                0x00014234                CUSBStandardHub::RemoveDeviceAt(unsigned int)
                0x00014278                CUSBStandardHub::StartStatusChangeRequest()
                0x00014344                CUSBStandardHub::CompletionRoutine(CUSBRequest*)
                0x000143dc                CUSBStandardHub::CompletionStub(CUSBRequest*, void*, void*)
                0x00014404                CUSBStandardHub::Initialize()
                0x00014538                CUSBStandardHub::EnumeratePorts()
                0x00014b78                CUSBStandardHub::ReScanDevices()
                0x00014b7c                CUSBStandardHub::Configure()
                0x00014ce0                CUSBStandardHub::HandlePortStatusChange()
 .text.startup  0x00015070       0x38 ../../circle/lib/usb/libusb.a(usbstandardhub.o)
 .text          0x000150a8     0x3018 ../../circle/lib/usb/libusb.a(dwhcidevice.o)
                0x000150a8                CDWHCIDevice::CancelDeviceTransactions(CUSBDevice*)
                0x000150b0                CDWHCIDevice::CompletionRoutine(CUSBRequest*, void*, void*)
                0x000150fc                CDWHCIDevice::CDWHCIDevice(CInterruptSystem*, CTimer*, bool)
                0x000150fc                CDWHCIDevice::CDWHCIDevice(CInterruptSystem*, CTimer*, bool)
                0x000151dc                CDWHCIDevice::DeviceConnected()
                0x00015214                CDWHCIDevice::GetPortSpeed()
                0x0001525c                CDWHCIDevice::OvercurrentDetected()
                0x00015294                CDWHCIDevice::DisableRootPort(bool)
                0x00015308                CDWHCIDevice::PowerOn()
                0x00015374                CDWHCIDevice::Reset()
                0x00015448                CDWHCIDevice::InitCore()
                0x000156b8                CDWHCIDevice::EnableGlobalInterrupts()
                0x000156fc                CDWHCIDevice::EnableCommonInterrupts()
                0x00015734                CDWHCIDevice::EnableHostInterrupts()
                0x000157d4                CDWHCIDevice::EnableChannelInterrupt(unsigned int)
                0x00015858                CDWHCIDevice::DisableChannelInterrupt(unsigned int)
                0x000158dc                CDWHCIDevice::FlushTxFIFO(unsigned int)
                0x00015998                CDWHCIDevice::FlushRxFIFO()
                0x00015a38                CDWHCIDevice::InitHost()
                0x00015c38                CDWHCIDevice::QueueTransaction(CDWHCITransferStageData*)
                0x00015cc8                CDWHCIDevice::TransferStageAsync(CUSBRequest*, bool, bool, unsigned int)
                0x00015d80                CDWHCIDevice::SubmitAsyncRequest(CUSBRequest*, unsigned int)
                0x00015e4c                CDWHCIDevice::QueueDelayedTransaction(CDWHCITransferStageData*)
                0x00015fc0                CDWHCIDevice::StartChannel(CDWHCITransferStageData*)
                0x000163c8                CDWHCIDevice::StartTransaction(CDWHCITransferStageData*)
                0x000164d0                CDWHCIDevice::AllocateChannel()
                0x00016660                CDWHCIDevice::SOFInterruptHandler()
                0x00016670                CDWHCIDevice::FreeChannel(unsigned int)
                0x00016d34                CDWHCIDevice::ChannelInterruptHandler(unsigned int)
                0x00016d44                CDWHCIDevice::InterruptHandler()
                0x00016f18                CDWHCIDevice::InterruptStub(void*)
                0x00016f3c                CDWHCIDevice::AllocateWaitBlock()
                0x00016fdc                CDWHCIDevice::FreeWaitBlock(unsigned int)
                0x0001705c                CDWHCIDevice::TransferStage(CUSBRequest*, bool, bool, unsigned int)
                0x00017154                CDWHCIDevice::SubmitBlockingRequest(CUSBRequest*, unsigned int)
                0x000173b4                CDWHCIDevice::WaitForBit(CDWHCIRegister*, unsigned int, bool, unsigned int)
                0x00017480                CDWHCIDevice::EnableRootPort()
                0x00017598                CDWHCIDevice::LogTransactionFailed(unsigned int)
                0x000175e4                CDWHCIDevice::DumpRegister(char const*, unsigned int)
                0x00017648                CDWHCIDevice::DumpStatus(unsigned int)
                0x00017cd0                CDWHCIDevice::~CDWHCIDevice()
                0x00017cd0                CDWHCIDevice::~CDWHCIDevice()
                0x00017db0                CDWHCIDevice::~CDWHCIDevice()
                0x00017dd0                CDWHCIDevice::ReScanDevices()
                0x00017e50                CDWHCIDevice::Initialize(bool)
 .text          0x000180c0      0x448 ../../circle/lib/usb/libusb.a(dwhciframeschednper.o)
                0x000180c0                CDWHCIFrameSchedulerNonPeriodic::~CDWHCIFrameSchedulerNonPeriodic()
                0x000180c0                CDWHCIFrameSchedulerNonPeriodic::~CDWHCIFrameSchedulerNonPeriodic()
                0x000180c4                CDWHCIFrameSchedulerNonPeriodic::StartSplit()
                0x000180e0                CDWHCIFrameSchedulerNonPeriodic::IsOddFrame() const
                0x000180e8                CDWHCIFrameSchedulerNonPeriodic::PeriodicDelay(unsigned short)
                0x00018104                CDWHCIFrameSchedulerNonPeriodic::CompleteSplit()
                0x00018178                CDWHCIFrameSchedulerNonPeriodic::TransactionComplete(unsigned int)
                0x0001827c                CDWHCIFrameSchedulerNonPeriodic::GetFrameNumber()
                0x000182f4                CDWHCIFrameSchedulerNonPeriodic::~CDWHCIFrameSchedulerNonPeriodic()
                0x00018338                CDWHCIFrameSchedulerNonPeriodic::CDWHCIFrameSchedulerNonPeriodic()
                0x00018338                CDWHCIFrameSchedulerNonPeriodic::CDWHCIFrameSchedulerNonPeriodic()
                0x00018388                CDWHCIFrameSchedulerNonPeriodic::operator new(unsigned int)
                0x000183e0                CDWHCIFrameSchedulerNonPeriodic::operator delete(void*, unsigned int)
                0x00018440                CDWHCIFrameSchedulerNonPeriodic::InitAllocator(unsigned int)
                0x0001849c                CDWHCIFrameSchedulerNonPeriodic::InitProtectedAllocator(unsigned int, unsigned int)
 .text          0x00018508      0x2d0 ../../circle/lib/usb/libusb.a(dwhciframeschednsplit.o)
                0x00018508                CDWHCIFrameSchedulerNoSplit::~CDWHCIFrameSchedulerNoSplit()
                0x00018508                CDWHCIFrameSchedulerNoSplit::~CDWHCIFrameSchedulerNoSplit()
                0x0001850c                CDWHCIFrameSchedulerNoSplit::StartSplit()
                0x00018528                CDWHCIFrameSchedulerNoSplit::CompleteSplit()
                0x00018544                CDWHCIFrameSchedulerNoSplit::TransactionComplete(unsigned int)
                0x00018560                CDWHCIFrameSchedulerNoSplit::PeriodicDelay(unsigned short)
                0x0001857c                CDWHCIFrameSchedulerNoSplit::GetFrameNumber()
                0x000185c0                CDWHCIFrameSchedulerNoSplit::IsOddFrame() const
                0x000185f8                CDWHCIFrameSchedulerNoSplit::~CDWHCIFrameSchedulerNoSplit()
                0x0001863c                CDWHCIFrameSchedulerNoSplit::CDWHCIFrameSchedulerNoSplit(bool)
                0x0001863c                CDWHCIFrameSchedulerNoSplit::CDWHCIFrameSchedulerNoSplit(bool)
                0x00018658                CDWHCIFrameSchedulerNoSplit::operator new(unsigned int)
                0x000186b0                CDWHCIFrameSchedulerNoSplit::operator delete(void*, unsigned int)
                0x00018710                CDWHCIFrameSchedulerNoSplit::InitAllocator(unsigned int)
                0x0001876c                CDWHCIFrameSchedulerNoSplit::InitProtectedAllocator(unsigned int, unsigned int)
 .text          0x000187d8      0x4bc ../../circle/lib/usb/libusb.a(dwhciframeschedper.o)
                0x000187d8                CDWHCIFrameSchedulerPeriodic::~CDWHCIFrameSchedulerPeriodic()
                0x000187d8                CDWHCIFrameSchedulerPeriodic::~CDWHCIFrameSchedulerPeriodic()
                0x000187dc                CDWHCIFrameSchedulerPeriodic::StartSplit()
                0x000187fc                CDWHCIFrameSchedulerPeriodic::PeriodicDelay(unsigned short)
                0x00018814                CDWHCIFrameSchedulerPeriodic::CompleteSplit()
                0x000188b4                CDWHCIFrameSchedulerPeriodic::GetFrameNumber()
                0x00018940                CDWHCIFrameSchedulerPeriodic::IsOddFrame() const
                0x00018978                CDWHCIFrameSchedulerPeriodic::TransactionComplete(unsigned int)
                0x00018a7c                CDWHCIFrameSchedulerPeriodic::~CDWHCIFrameSchedulerPeriodic()
                0x00018ac0                CDWHCIFrameSchedulerPeriodic::CDWHCIFrameSchedulerPeriodic()
                0x00018ac0                CDWHCIFrameSchedulerPeriodic::CDWHCIFrameSchedulerPeriodic()
                0x00018b14                CDWHCIFrameSchedulerPeriodic::operator new(unsigned int)
                0x00018b6c                CDWHCIFrameSchedulerPeriodic::operator delete(void*, unsigned int)
                0x00018bcc                CDWHCIFrameSchedulerPeriodic::InitAllocator(unsigned int)
                0x00018c28                CDWHCIFrameSchedulerPeriodic::InitProtectedAllocator(unsigned int, unsigned int)
 .text          0x00018c94      0x30c ../../circle/lib/usb/libusb.a(dwhcirootport.o)
                0x00018c94                CDWHCIRootPort::~CDWHCIRootPort()
                0x00018c94                CDWHCIRootPort::~CDWHCIRootPort()
                0x00018cc8                CDWHCIRootPort::RemoveDevice()
                0x00018d20                CDWHCIRootPort::ReScanDevices()
                0x00018d5c                CDWHCIRootPort::HandlePortStatusChange()
                0x00018dc4                CDWHCIRootPort::~CDWHCIRootPort()
                0x00018e04                CDWHCIRootPort::CDWHCIRootPort(CDWHCIDevice*)
                0x00018e04                CDWHCIRootPort::CDWHCIRootPort(CDWHCIDevice*)
                0x00018e34                CDWHCIRootPort::Initialize()
 .text          0x00018fa0      0x798 ../../circle/lib/usb/libusb.a(dwhcixactqueue.o)
                0x00018fa0                TQueueEntry::operator new(unsigned int)
                0x00018ff0                TQueueEntry::operator delete(void*, unsigned int)
                0x00019048                TQueueEntry::InitAllocator(unsigned int)
                0x000190a0                TQueueEntry::InitProtectedAllocator(unsigned int, unsigned int)
                0x0001910c                CDWHCITransactionQueue::CDWHCITransactionQueue(unsigned int, unsigned int)
                0x0001910c                CDWHCITransactionQueue::CDWHCITransactionQueue(unsigned int, unsigned int)
                0x0001918c                CDWHCITransactionQueue::Flush()
                0x000192c4                CDWHCITransactionQueue::~CDWHCITransactionQueue()
                0x000192c4                CDWHCITransactionQueue::~CDWHCITransactionQueue()
                0x000192e0                CDWHCITransactionQueue::FlushDevice(CUSBDevice*)
                0x00019478                CDWHCITransactionQueue::Enqueue(CDWHCITransferStageData*, unsigned short)
                0x00019600                CDWHCITransactionQueue::Dequeue(unsigned short)
 .text          0x00019738      0xd44 ../../circle/lib/usb/libusb.a(dwhcixferstagedata.o)
                0x00019738                CDWHCITransferStageData::CDWHCITransferStageData(unsigned int, CUSBRequest*, bool, bool, unsigned int)
                0x00019738                CDWHCITransferStageData::CDWHCITransferStageData(unsigned int, CUSBRequest*, bool, bool, unsigned int)
                0x00019b74                CDWHCITransferStageData::~CDWHCITransferStageData()
                0x00019b74                CDWHCITransferStageData::~CDWHCITransferStageData()
                0x00019b9c                CDWHCITransferStageData::SetChannelNumber(unsigned int)
                0x00019ba4                CDWHCITransferStageData::TransactionComplete(unsigned int, unsigned int, unsigned int)
                0x00019dfc                CDWHCITransferStageData::SetSplitComplete(bool)
                0x00019e28                CDWHCITransferStageData::SetState(unsigned int)
                0x00019e30                CDWHCITransferStageData::GetState() const
                0x00019e38                CDWHCITransferStageData::SetSubState(unsigned int)
                0x00019e40                CDWHCITransferStageData::GetSubState() const
                0x00019e48                CDWHCITransferStageData::GetChannelNumber() const
                0x00019e50                CDWHCITransferStageData::IsPeriodic() const
                0x00019e90                CDWHCITransferStageData::IsIsochronous() const
                0x00019ec8                CDWHCITransferStageData::GetDeviceAddress() const
                0x00019ef0                CDWHCITransferStageData::GetEndpointType() const
                0x00019f48                CDWHCITransferStageData::GetEndpointNumber() const
                0x00019f70                CDWHCITransferStageData::GetMaxPacketSize() const
                0x00019f78                CDWHCITransferStageData::GetSpeed() const
                0x00019f80                CDWHCITransferStageData::GetPID() const
                0x00019fe0                CDWHCITransferStageData::IsDirectionIn() const
                0x00019fe8                CDWHCITransferStageData::IsStatusStage() const
                0x00019ff0                CDWHCITransferStageData::GetDMAAddress() const
                0x0001a014                CDWHCITransferStageData::GetBytesToTransfer() const
                0x0001a01c                CDWHCITransferStageData::GetPacketsToTransfer() const
                0x0001a024                CDWHCITransferStageData::IsSplit() const
                0x0001a02c                CDWHCITransferStageData::IsSplitComplete() const
                0x0001a058                CDWHCITransferStageData::GetHubAddress() const
                0x0001a0a4                CDWHCITransferStageData::GetHubPortAddress() const
                0x0001a0f0                CDWHCITransferStageData::GetSplitPosition() const
                0x0001a174                CDWHCITransferStageData::GetStatusMask() const
                0x0001a1c8                CDWHCITransferStageData::GetTransactionStatus() const
                0x0001a1ec                CDWHCITransferStageData::GetUSBError() const
                0x0001a250                CDWHCITransferStageData::IsStageComplete() const
                0x0001a260                CDWHCITransferStageData::GetResultLen() const
                0x0001a274                CDWHCITransferStageData::IsTimeout() const
                0x0001a2ac                CDWHCITransferStageData::IsRetryOK() const
                0x0001a2c0                CDWHCITransferStageData::GetURB() const
                0x0001a2e4                CDWHCITransferStageData::GetDevice() const
                0x0001a308                CDWHCITransferStageData::GetFrameScheduler() const
                0x0001a310                CDWHCITransferStageData::operator new(unsigned int)
                0x0001a360                CDWHCITransferStageData::operator delete(void*, unsigned int)
                0x0001a3b8                CDWHCITransferStageData::InitAllocator(unsigned int)
                0x0001a410                CDWHCITransferStageData::InitProtectedAllocator(unsigned int, unsigned int)
 .text          0x0001a47c      0x57c ../../circle/lib/usb/libusb.a(dwhciframeschediso.o)
                0x0001a47c                CDWHCIFrameSchedulerIsochronous::~CDWHCIFrameSchedulerIsochronous()
                0x0001a47c                CDWHCIFrameSchedulerIsochronous::~CDWHCIFrameSchedulerIsochronous()
                0x0001a480                CDWHCIFrameSchedulerIsochronous::CompleteSplit()
                0x0001a54c                CDWHCIFrameSchedulerIsochronous::TransactionComplete(unsigned int)
                0x0001a620                CDWHCIFrameSchedulerIsochronous::GetFrameNumber()
                0x0001a6b8                CDWHCIFrameSchedulerIsochronous::IsOddFrame() const
                0x0001a6f0                CDWHCIFrameSchedulerIsochronous::StartSplit()
                0x0001a7c8                CDWHCIFrameSchedulerIsochronous::PeriodicDelay(unsigned short)
                0x0001a808                CDWHCIFrameSchedulerIsochronous::~CDWHCIFrameSchedulerIsochronous()
                0x0001a84c                CDWHCIFrameSchedulerIsochronous::CDWHCIFrameSchedulerIsochronous(bool)
                0x0001a84c                CDWHCIFrameSchedulerIsochronous::CDWHCIFrameSchedulerIsochronous(bool)
                0x0001a878                CDWHCIFrameSchedulerIsochronous::operator new(unsigned int)
                0x0001a8d0                CDWHCIFrameSchedulerIsochronous::operator delete(void*, unsigned int)
                0x0001a930                CDWHCIFrameSchedulerIsochronous::InitAllocator(unsigned int)
                0x0001a98c                CDWHCIFrameSchedulerIsochronous::InitProtectedAllocator(unsigned int, unsigned int)
 .text          0x0001a9f8     0x12f8 ../../circle/lib/usb/libusb.a(usbdevice.o)
                0x0001a9f8                CUSBDevice::Configure()
                0x0001aaa8                CUSBDevice::CUSBDevice(CUSBHostController*, TUSBSpeed, CUSBHCIRootPort*)
                0x0001aaa8                CUSBDevice::CUSBDevice(CUSBHostController*, TUSBSpeed, CUSBHCIRootPort*)
                0x0001ab54                CUSBDevice::CUSBDevice(CUSBHostController*, TUSBSpeed, CUSBStandardHub*, unsigned int)
                0x0001ab54                CUSBDevice::CUSBDevice(CUSBHostController*, TUSBSpeed, CUSBStandardHub*, unsigned int)
                0x0001aca0                CUSBDevice::ReScanDevices()
                0x0001ace0                CUSBDevice::RemoveDevice()
                0x0001ad28                CUSBDevice::GetName(TDeviceNameSelector) const
                0x0001ae38                CUSBDevice::GetNames() const
                0x0001af18                CUSBDevice::SetAddress(unsigned char)
                0x0001af40                CUSBDevice::GetAddress() const
                0x0001af48                CUSBDevice::GetSpeed() const
                0x0001af50                CUSBDevice::IsSplit() const
                0x0001af58                CUSBDevice::GetHubAddress() const
                0x0001af60                CUSBDevice::GetHubPortNumber() const
                0x0001af68                CUSBDevice::GetTTHubDevice() const
                0x0001af70                CUSBDevice::GetEndpoint0() const
                0x0001af94                CUSBDevice::GetHost() const
                0x0001afb8                CUSBDevice::GetDeviceDescriptor() const
                0x0001afdc                CUSBDevice::GetConfigurationDescriptor() const
                0x0001b000                CUSBDevice::GetDescriptor(unsigned char)
                0x0001b028                CUSBDevice::ConfigurationError(char const*) const
                0x0001b050                CUSBDevice::GetFunction(unsigned int)
                0x0001b064                CUSBDevice::LogWrite(TLogSeverity, char const*, ...)
                0x0001b240                CUSBDevice::~CUSBDevice()
                0x0001b240                CUSBDevice::~CUSBDevice()
                0x0001b2a4                CUSBDevice::~CUSBDevice()
                0x0001b314                CUSBDevice::Initialize()
 .text.startup  0x0001bcf0       0x38 ../../circle/lib/usb/libusb.a(usbdevice.o)
 .text          0x0001bd28      0x9b0 ../../circle/lib/usb/libusb.a(usbdevicefactory.o)
                0x0001bd28                CUSBDeviceFactory::GetGenericHIDDevice(CUSBFunction*)
                0x0001bf1c                CUSBDeviceFactory::FindDeviceID(CString*, TUSBDeviceID const*)
                0x0001bfb4                CUSBDeviceFactory::GetDevice(CUSBFunction*, CString*)
 .text          0x0001c6d8      0x3a8 ../../circle/lib/usb/libusb.a(usbendpoint.o)
                0x0001c6d8                CUSBEndpoint::CUSBEndpoint(CUSBDevice*)
                0x0001c6d8                CUSBEndpoint::CUSBEndpoint(CUSBDevice*)
                0x0001c71c                CUSBEndpoint::CUSBEndpoint(CUSBDevice*, TUSBEndpointDescriptor const*)
                0x0001c71c                CUSBEndpoint::CUSBEndpoint(CUSBDevice*, TUSBEndpointDescriptor const*)
                0x0001c8fc                CUSBEndpoint::~CUSBEndpoint()
                0x0001c8fc                CUSBEndpoint::~CUSBEndpoint()
                0x0001c900                CUSBEndpoint::GetDevice() const
                0x0001c924                CUSBEndpoint::GetNumber() const
                0x0001c92c                CUSBEndpoint::GetType() const
                0x0001c934                CUSBEndpoint::IsDirectionIn() const
                0x0001c93c                CUSBEndpoint::SetMaxPacketSize(unsigned int)
                0x0001c94c                CUSBEndpoint::GetMaxPacketSize() const
                0x0001c954                CUSBEndpoint::GetInterval() const
                0x0001c984                CUSBEndpoint::GetNextPID(bool)
                0x0001c9c0                CUSBEndpoint::SkipPID(unsigned int, bool)
                0x0001ca54                CUSBEndpoint::ResetPID()
 .text          0x0001ca80      0x674 ../../circle/lib/usb/libusb.a(usbfunction.o)
                0x0001ca80                CUSBFunction::Initialize()
                0x0001ca88                CUSBFunction::ReScanDevices()
                0x0001ca90                CUSBFunction::~CUSBFunction()
                0x0001ca90                CUSBFunction::~CUSBFunction()
                0x0001cae8                CUSBFunction::RemoveDevice()
                0x0001cb10                CUSBFunction::~CUSBFunction()
                0x0001cb74                CUSBFunction::Configure()
                0x0001cc5c                CUSBFunction::CUSBFunction(CUSBDevice*, CUSBConfigurationParser*)
                0x0001cc5c                CUSBFunction::CUSBFunction(CUSBDevice*, CUSBConfigurationParser*)
                0x0001cd04                CUSBFunction::CUSBFunction(CUSBFunction*)
                0x0001cd04                CUSBFunction::CUSBFunction(CUSBFunction*)
                0x0001cdcc                CUSBFunction::GetInterfaceName() const
                0x0001ce44                CUSBFunction::GetNumEndpoints() const
                0x0001ce70                CUSBFunction::GetDevice() const
                0x0001ce94                CUSBFunction::GetEndpoint0() const
                0x0001cebc                CUSBFunction::GetHost() const
                0x0001cee4                CUSBFunction::GetDescriptor(unsigned char)
                0x0001cf0c                CUSBFunction::ConfigurationError(char const*) const
                0x0001cf50                CUSBFunction::SelectInterfaceByClass(unsigned char, unsigned char, unsigned char, unsigned int)
                0x0001d020                CUSBFunction::GetInterfaceNumber() const
                0x0001d04c                CUSBFunction::GetInterfaceClass() const
                0x0001d078                CUSBFunction::GetInterfaceSubClass() const
                0x0001d0a4                CUSBFunction::GetInterfaceProtocol() const
                0x0001d0d0                CUSBFunction::GetInterfaceDescriptor() const
 .text          0x0001d0f4      0x558 ../../circle/lib/usb/libusb.a(usbgamepadps3.o)
                0x0001d0f4                CUSBGamePadPS3Device::~CUSBGamePadPS3Device()
                0x0001d0f4                CUSBGamePadPS3Device::~CUSBGamePadPS3Device()
                0x0001d114                CUSBGamePadPS3Device::~CUSBGamePadPS3Device()
                0x0001d144                CUSBGamePadPS3Device::SetRumbleMode(TGamePadRumbleMode)
                0x0001d230                CUSBGamePadPS3Device::SetLEDMode(TGamePadLEDMode)
                0x0001d2c0                CUSBGamePadPS3Device::CUSBGamePadPS3Device(CUSBFunction*)
                0x0001d2c0                CUSBGamePadPS3Device::CUSBGamePadPS3Device(CUSBFunction*)
                0x0001d320                CUSBGamePadPS3Device::PS3Enable()
                0x0001d3c8                CUSBGamePadPS3Device::Configure()
                0x0001d4e4                CUSBGamePadPS3Device::DecodeReport(unsigned char const*)
 .text._ZN17CUSBGamePadDevice10SetLEDModeEjhh
                0x0001d64c        0x8 ../../circle/lib/usb/libusb.a(usbgamepadps3.o)
                0x0001d64c                CUSBGamePadDevice::SetLEDMode(unsigned int, unsigned char, unsigned char)
 .text._ZN20CUSBGamePadPS3Device13GetPropertiesEv
                0x0001d654        0x8 ../../circle/lib/usb/libusb.a(usbgamepadps3.o)
                0x0001d654                CUSBGamePadPS3Device::GetProperties()
 .text          0x0001d65c      0xa3c ../../circle/lib/usb/libusb.a(usbgamepadps4.o)
                0x0001d65c                CUSBGamePadPS4Device::DecodeReport(unsigned char const*)
                0x0001d814                CUSBGamePadPS4Device::~CUSBGamePadPS4Device()
                0x0001d814                CUSBGamePadPS4Device::~CUSBGamePadPS4Device()
                0x0001d860                CUSBGamePadPS4Device::~CUSBGamePadPS4Device()
                0x0001d8b8                CUSBGamePadPS4Device::SetLEDMode(unsigned int, unsigned char, unsigned char)
                0x0001d980                CUSBGamePadPS4Device::SetRumbleMode(TGamePadRumbleMode)
                0x0001da70                CUSBGamePadPS4Device::SetLEDMode(TGamePadLEDMode)
                0x0001dc10                CUSBGamePadPS4Device::CUSBGamePadPS4Device(CUSBFunction*)
                0x0001dc10                CUSBGamePadPS4Device::CUSBGamePadPS4Device(CUSBFunction*)
                0x0001dc68                CUSBGamePadPS4Device::HandleTouchpad(unsigned char const*)
                0x0001de18                CUSBGamePadPS4Device::ReportHandler(unsigned char const*, unsigned int)
                0x0001de80                CUSBGamePadPS4Device::SendLedRumbleCommand()
                0x0001df24                CUSBGamePadPS4Device::DisableTouchpad()
                0x0001df38                CUSBGamePadPS4Device::Configure()
 .text._ZN20CUSBGamePadPS4Device13GetPropertiesEv
                0x0001e098        0x8 ../../circle/lib/usb/libusb.a(usbgamepadps4.o)
                0x0001e098                CUSBGamePadPS4Device::GetProperties()
 .text          0x0001e0a0      0x818 ../../circle/lib/usb/libusb.a(usbgamepadstandard.o)
                0x0001e0a0                CUSBGamePadStandardDevice::~CUSBGamePadStandardDevice()
                0x0001e0a0                CUSBGamePadStandardDevice::~CUSBGamePadStandardDevice()
                0x0001e0dc                CUSBGamePadStandardDevice::~CUSBGamePadStandardDevice()
                0x0001e124                CUSBGamePadStandardDevice::CUSBGamePadStandardDevice(CUSBFunction*, bool)
                0x0001e124                CUSBGamePadStandardDevice::CUSBGamePadStandardDevice(CUSBFunction*, bool)
                0x0001e15c                CUSBGamePadStandardDevice::BitGetUnsigned(void const*, unsigned int, unsigned int)
                0x0001e1e0                CUSBGamePadStandardDevice::BitGetSigned(void const*, unsigned int, unsigned int)
                0x0001e28c                CUSBGamePadStandardDevice::DecodeReport(unsigned char const*)
                0x0001e734                CUSBGamePadStandardDevice::Configure()
 .text._ZN17CUSBGamePadDevice13GetPropertiesEv
                0x0001e8b8        0x8 ../../circle/lib/usb/libusb.a(usbgamepadstandard.o)
                0x0001e8b8                CUSBGamePadDevice::GetProperties()
 .text._ZN17CUSBGamePadDevice10SetLEDModeE15TGamePadLEDMode
                0x0001e8c0        0x8 ../../circle/lib/usb/libusb.a(usbgamepadstandard.o)
                0x0001e8c0                CUSBGamePadDevice::SetLEDMode(TGamePadLEDMode)
 .text._ZN17CUSBGamePadDevice13SetRumbleModeE18TGamePadRumbleMode
                0x0001e8c8        0x8 ../../circle/lib/usb/libusb.a(usbgamepadstandard.o)
                0x0001e8c8                CUSBGamePadDevice::SetRumbleMode(TGamePadRumbleMode)
 .text          0x0001e8d0      0x6cc ../../circle/lib/usb/libusb.a(usbgamepadswitchpro.o)
                0x0001e8d0                CUSBGamePadSwitchProDevice::~CUSBGamePadSwitchProDevice()
                0x0001e8d0                CUSBGamePadSwitchProDevice::~CUSBGamePadSwitchProDevice()
                0x0001e8f0                CUSBGamePadSwitchProDevice::~CUSBGamePadSwitchProDevice()
                0x0001e91c                CUSBGamePadSwitchProDevice::SetRumbleMode(TGamePadRumbleMode)
                0x0001e9f8                CUSBGamePadSwitchProDevice::DecodeReport(unsigned char const*)
                0x0001ebe8                CUSBGamePadSwitchProDevice::SetLEDMode(TGamePadLEDMode)
                0x0001ec88                CUSBGamePadSwitchProDevice::CUSBGamePadSwitchProDevice(CUSBFunction*)
                0x0001ec88                CUSBGamePadSwitchProDevice::CUSBGamePadSwitchProDevice(CUSBFunction*)
                0x0001ecd4                CUSBGamePadSwitchProDevice::Configure()
 .text._ZN26CUSBGamePadSwitchProDevice13GetPropertiesEv
                0x0001ef9c        0x8 ../../circle/lib/usb/libusb.a(usbgamepadswitchpro.o)
                0x0001ef9c                CUSBGamePadSwitchProDevice::GetProperties()
 .text          0x0001efa4      0x3ec ../../circle/lib/usb/libusb.a(usbgamepadxbox360.o)
                0x0001efa4                CUSBGamePadXbox360Device::~CUSBGamePadXbox360Device()
                0x0001efa4                CUSBGamePadXbox360Device::~CUSBGamePadXbox360Device()
                0x0001efc4                CUSBGamePadXbox360Device::~CUSBGamePadXbox360Device()
                0x0001eff0                CUSBGamePadXbox360Device::DecodeReport(unsigned char const*)
                0x0001f104                CUSBGamePadXbox360Device::ReportHandler(unsigned char const*, unsigned int)
                0x0001f170                CUSBGamePadXbox360Device::SetLEDMode(TGamePadLEDMode)
                0x0001f1c4                CUSBGamePadXbox360Device::SetRumbleMode(TGamePadRumbleMode)
                0x0001f254                CUSBGamePadXbox360Device::CUSBGamePadXbox360Device(CUSBFunction*)
                0x0001f254                CUSBGamePadXbox360Device::CUSBGamePadXbox360Device(CUSBFunction*)
                0x0001f274                CUSBGamePadXbox360Device::Configure()
 .text._ZN24CUSBGamePadXbox360Device13GetPropertiesEv
                0x0001f390        0x8 ../../circle/lib/usb/libusb.a(usbgamepadxbox360.o)
                0x0001f390                CUSBGamePadXbox360Device::GetProperties()
 .text          0x0001f398      0x4c0 ../../circle/lib/usb/libusb.a(usbgamepadxboxone.o)
                0x0001f398                CUSBGamePadXboxOneDevice::DecodeReport(unsigned char const*)
                0x0001f540                CUSBGamePadXboxOneDevice::~CUSBGamePadXboxOneDevice()
                0x0001f540                CUSBGamePadXboxOneDevice::~CUSBGamePadXboxOneDevice()
                0x0001f560                CUSBGamePadXboxOneDevice::~CUSBGamePadXboxOneDevice()
                0x0001f58c                CUSBGamePadXboxOneDevice::ReportHandler(unsigned char const*, unsigned int)
                0x0001f684                CUSBGamePadXboxOneDevice::SetRumbleMode(TGamePadRumbleMode)
                0x0001f730                CUSBGamePadXboxOneDevice::CUSBGamePadXboxOneDevice(CUSBFunction*)
                0x0001f730                CUSBGamePadXboxOneDevice::CUSBGamePadXboxOneDevice(CUSBFunction*)
                0x0001f758                CUSBGamePadXboxOneDevice::Configure()
 .text._ZN24CUSBGamePadXboxOneDevice13GetPropertiesEv
                0x0001f858        0x8 ../../circle/lib/usb/libusb.a(usbgamepadxboxone.o)
                0x0001f858                CUSBGamePadXboxOneDevice::GetProperties()
 .text          0x0001f860      0x7a8 ../../circle/lib/usb/libusb.a(usbhiddevice.o)
                0x0001f860                CUSBHIDDevice::SendCompletionRoutine(CUSBRequest*, void*, void*)
                0x0001f8e8                CUSBHIDDevice::CUSBHIDDevice(CUSBFunction*, unsigned int)
                0x0001f8e8                CUSBHIDDevice::CUSBHIDDevice(CUSBFunction*, unsigned int)
                0x0001f93c                CUSBHIDDevice::~CUSBHIDDevice()
                0x0001f93c                CUSBHIDDevice::~CUSBHIDDevice()
                0x0001f9c8                CUSBHIDDevice::~CUSBHIDDevice()
                0x0001f9e8                CUSBHIDDevice::ConfigureHID(unsigned int)
                0x0001fc30                CUSBHIDDevice::SendToEndpointOut(void const*, unsigned int, unsigned int)
                0x0001fcbc                CUSBHIDDevice::SendToEndpointOutAsync(void const*, unsigned int, unsigned int)
                0x0001fd98                CUSBHIDDevice::ReceiveFromEndpointIn(void*, unsigned int, unsigned int)
                0x0001fe28                CUSBHIDDevice::StartRequest()
                0x0001fef4                CUSBHIDDevice::CompletionRoutine(CUSBRequest*)
                0x0001ffe0                CUSBHIDDevice::CompletionStub(CUSBRequest*, void*, void*)
 .text          0x00020008      0xde4 ../../circle/lib/usb/libusb.a(usbmassdevice.o)
                0x00020008                CUSBBulkOnlyMassStorageDevice::Seek(unsigned long long)
                0x0002001c                CUSBBulkOnlyMassStorageDevice::~CUSBBulkOnlyMassStorageDevice()
                0x0002001c                CUSBBulkOnlyMassStorageDevice::~CUSBBulkOnlyMassStorageDevice()
                0x000200f4                CUSBBulkOnlyMassStorageDevice::~CUSBBulkOnlyMassStorageDevice()
                0x00020114                CUSBBulkOnlyMassStorageDevice::GetSize() const
                0x0002015c                CUSBBulkOnlyMassStorageDevice::CUSBBulkOnlyMassStorageDevice(CUSBFunction*)
                0x0002015c                CUSBBulkOnlyMassStorageDevice::CUSBBulkOnlyMassStorageDevice(CUSBFunction*)
                0x000201a0                CUSBBulkOnlyMassStorageDevice::GetCapacity() const
                0x000201a8                CUSBBulkOnlyMassStorageDevice::Command(void*, unsigned int, void*, unsigned int, bool)
                0x00020590                CUSBBulkOnlyMassStorageDevice::TryRead(void*, unsigned int)
                0x00020674                CUSBBulkOnlyMassStorageDevice::TryWrite(void const*, unsigned int)
                0x00020754                CUSBBulkOnlyMassStorageDevice::Reset()
                0x000208cc                CUSBBulkOnlyMassStorageDevice::Read(void*, unsigned int)
                0x00020934                CUSBBulkOnlyMassStorageDevice::Write(void const*, unsigned int)
                0x0002099c                CUSBBulkOnlyMassStorageDevice::Configure()
 .text.startup  0x00020dec       0x38 ../../circle/lib/usb/libusb.a(usbmassdevice.o)
 .text          0x00020e24      0x7ec ../../circle/lib/usb/libusb.a(usbmidihost.o)
                0x00020e24                CUSBMIDIHostDevice::~CUSBMIDIHostDevice()
                0x00020e24                CUSBMIDIHostDevice::~CUSBMIDIHostDevice()
                0x00020ef4                CUSBMIDIHostDevice::~CUSBMIDIHostDevice()
                0x00020f14                CUSBMIDIHostDevice::SendEventsHandler(unsigned char const*, unsigned int, void*)
                0x00020ff0                CUSBMIDIHostDevice::CUSBMIDIHostDevice(CUSBFunction*)
                0x00020ff0                CUSBMIDIHostDevice::CUSBMIDIHostDevice(CUSBFunction*)
                0x000210b8                CUSBMIDIHostDevice::StartRequest()
                0x00021184                CUSBMIDIHostDevice::TimerStub(unsigned int, void*, void*)
                0x000211d4                CUSBMIDIHostDevice::CompletionRoutine(CUSBRequest*)
                0x0002138c                CUSBMIDIHostDevice::CompletionStub(CUSBRequest*, void*, void*)
                0x000213b4                CUSBMIDIHostDevice::TimerHandler(unsigned int)
                0x000213e4                CUSBMIDIHostDevice::Configure()
 .text          0x00021610      0x714 ../../circle/lib/usb/libusb.a(usbmouse.o)
                0x00021610                CUSBMouseDevice::~CUSBMouseDevice()
                0x00021610                CUSBMouseDevice::~CUSBMouseDevice()
                0x0002166c                CUSBMouseDevice::~CUSBMouseDevice()
                0x0002168c                CUSBMouseDevice::CUSBMouseDevice(CUSBFunction*)
                0x0002168c                CUSBMouseDevice::CUSBMouseDevice(CUSBFunction*)
                0x000216bc                CUSBMouseDevice::ExtractUnsigned(void const*, unsigned int, unsigned int)
                0x00021768                CUSBMouseDevice::ExtractSigned(void const*, unsigned int, unsigned int)
                0x000217cc                CUSBMouseDevice::ReportHandler(unsigned char const*, unsigned int)
                0x000218b8                CUSBMouseDevice::DecodeReport()
                0x00021bd0                CUSBMouseDevice::Configure()
 .text          0x00021d24      0x35c ../../circle/lib/usb/libusb.a(usbprinter.o)
                0x00021d24                CUSBPrinterDevice::~CUSBPrinterDevice()
                0x00021d24                CUSBPrinterDevice::~CUSBPrinterDevice()
                0x00021dcc                CUSBPrinterDevice::~CUSBPrinterDevice()
                0x00021dec                CUSBPrinterDevice::Write(void const*, unsigned int)
                0x00021e78                CUSBPrinterDevice::CUSBPrinterDevice(CUSBFunction*)
                0x00021e78                CUSBPrinterDevice::CUSBPrinterDevice(CUSBFunction*)
                0x00021eac                CUSBPrinterDevice::Configure()
 .text.startup  0x00022080       0x38 ../../circle/lib/usb/libusb.a(usbprinter.o)
 .text          0x000220b8      0x534 ../../circle/lib/usb/libusb.a(usbstring.o)
                0x000220b8                CUSBString::CUSBString(CUSBDevice*)
                0x000220b8                CUSBString::CUSBString(CUSBDevice*)
                0x00022104                CUSBString::CUSBString(CUSBString*)
                0x00022104                CUSBString::CUSBString(CUSBString*)
                0x000221bc                CUSBString::~CUSBString()
                0x000221bc                CUSBString::~CUSBString()
                0x000221fc                CUSBString::GetFromDescriptor(unsigned char, unsigned short)
                0x00022444                CUSBString::Get() const
                0x0002244c                CUSBString::GetLanguageID()
 .text          0x000225ec      0x538 ../../circle/lib/usb/libusb.a(usbserialch341.o)
                0x000225ec                CUSBSerialCH341Device::~CUSBSerialCH341Device()
                0x000225ec                CUSBSerialCH341Device::~CUSBSerialCH341Device()
                0x0002260c                CUSBSerialCH341Device::~CUSBSerialCH341Device()
                0x00022638                CUSBSerialCH341Device::SetBaudRate(unsigned int)
                0x00022740                CUSBSerialCH341Device::CUSBSerialCH341Device(CUSBFunction*)
                0x00022740                CUSBSerialCH341Device::CUSBSerialCH341Device(CUSBFunction*)
                0x00022764                CUSBSerialCH341Device::GetDeviceIDTable()
                0x00022770                CUSBSerialCH341Device::Configure()
                0x000228f0                CUSBSerialCH341Device::SetLineProperties(TUSBSerialDataBits, TUSBSerialParity, TUSBSerialStopBits)
 .text          0x00022b24      0x5d0 ../../circle/lib/usb/libusb.a(usbserialcp210x.o)
                0x00022b24                CUSBSerialCP210xDevice::~CUSBSerialCP210xDevice()
                0x00022b24                CUSBSerialCP210xDevice::~CUSBSerialCP210xDevice()
                0x00022b44                CUSBSerialCP210xDevice::~CUSBSerialCP210xDevice()
                0x00022b70                CUSBSerialCP210xDevice::SetBaudRate(unsigned int)
                0x00022c84                CUSBSerialCP210xDevice::CUSBSerialCP210xDevice(CUSBFunction*)
                0x00022c84                CUSBSerialCP210xDevice::CUSBSerialCP210xDevice(CUSBFunction*)
                0x00022cb0                CUSBSerialCP210xDevice::GetDeviceIDTable()
                0x00022cbc                CUSBSerialCP210xDevice::Configure()
                0x00022ea4                CUSBSerialCP210xDevice::SetLineProperties(TUSBSerialDataBits, TUSBSerialParity, TUSBSerialStopBits)
 .text          0x000230f4      0x920 ../../circle/lib/usb/libusb.a(usbserialpl2303.o)
                0x000230f4                CUSBSerialPL2303Device::~CUSBSerialPL2303Device()
                0x000230f4                CUSBSerialPL2303Device::~CUSBSerialPL2303Device()
                0x00023114                CUSBSerialPL2303Device::~CUSBSerialPL2303Device()
                0x00023140                CUSBSerialPL2303Device::SetBaudRate(unsigned int)
                0x0002325c                CUSBSerialPL2303Device::CUSBSerialPL2303Device(CUSBFunction*)
                0x0002325c                CUSBSerialPL2303Device::CUSBSerialPL2303Device(CUSBFunction*)
                0x00023280                CUSBSerialPL2303Device::GetDeviceIDTable()
                0x0002328c                CUSBSerialPL2303Device::Configure()
                0x000237a8                CUSBSerialPL2303Device::SetLineProperties(TUSBSerialDataBits, TUSBSerialParity, TUSBSerialStopBits)
 .text          0x00023a14      0x5c0 ../../circle/lib/usb/libusb.a(usbserialft231x.o)
                0x00023a14                CUSBSerialFT231XDevice::~CUSBSerialFT231XDevice()
                0x00023a14                CUSBSerialFT231XDevice::~CUSBSerialFT231XDevice()
                0x00023a34                CUSBSerialFT231XDevice::~CUSBSerialFT231XDevice()
                0x00023a60                CUSBSerialFT231XDevice::SetBaudRate(unsigned int)
                0x00023b88                CUSBSerialFT231XDevice::CUSBSerialFT231XDevice(CUSBFunction*)
                0x00023b88                CUSBSerialFT231XDevice::CUSBSerialFT231XDevice(CUSBFunction*)
                0x00023bac                CUSBSerialFT231XDevice::GetDeviceIDTable()
                0x00023bb8                CUSBSerialFT231XDevice::Configure()
                0x00023dcc                CUSBSerialFT231XDevice::SetLineProperties(TUSBSerialDataBits, TUSBSerialParity, TUSBSerialStopBits)
 .text          0x00023fd4      0x274 ../../circle/lib/usb/libusb.a(usbserialcdc.o)
                0x00023fd4                CUSBSerialCDCDevice::~CUSBSerialCDCDevice()
                0x00023fd4                CUSBSerialCDCDevice::~CUSBSerialCDCDevice()
                0x00023ff4                CUSBSerialCDCDevice::~CUSBSerialCDCDevice()
                0x00024020                CUSBSerialCDCDevice::CUSBSerialCDCDevice(CUSBFunction*)
                0x00024020                CUSBSerialCDCDevice::CUSBSerialCDCDevice(CUSBFunction*)
                0x00024078                CUSBSerialCDCDevice::SetLineCoding()
                0x0002415c                CUSBSerialCDCDevice::SetBaudRate(unsigned int)
                0x00024164                CUSBSerialCDCDevice::SetLineProperties(TUSBSerialDataBits, TUSBSerialParity, TUSBSerialStopBits)
                0x00024174                CUSBSerialCDCDevice::Configure()
 .text          0x00024248      0x97c ../../circle/lib/usb/libusb.a(usbtouchscreen.o)
                0x00024248                CUSBTouchScreenDevice::~CUSBTouchScreenDevice()
                0x00024248                CUSBTouchScreenDevice::~CUSBTouchScreenDevice()
                0x0002428c                CUSBTouchScreenDevice::~CUSBTouchScreenDevice()
                0x000242dc                CUSBTouchScreenDevice::CUSBTouchScreenDevice(CUSBFunction*)
                0x000242dc                CUSBTouchScreenDevice::CUSBTouchScreenDevice(CUSBFunction*)
                0x00024334                CUSBTouchScreenDevice::DecodeReportDescriptor(unsigned char const*, unsigned int)
                0x000246bc                CUSBTouchScreenDevice::Configure()
                0x00024850                CUSBTouchScreenDevice::GetValue(void const*, CUSBTouchScreenDevice::TReportItem const&, unsigned int)
                0x000248dc                CUSBTouchScreenDevice::ReportHandler(unsigned char const*, unsigned int)
 .text          0x00024bc4      0x2c0 ../../circle/lib/usb/libusb.a(dwhciregister.o)
                0x00024bc4                CDWHCIRegister::CDWHCIRegister(unsigned int)
                0x00024bc4                CDWHCIRegister::CDWHCIRegister(unsigned int)
                0x00024bd4                CDWHCIRegister::CDWHCIRegister(unsigned int, unsigned int)
                0x00024bd4                CDWHCIRegister::CDWHCIRegister(unsigned int, unsigned int)
                0x00024be8                CDWHCIRegister::~CDWHCIRegister()
                0x00024be8                CDWHCIRegister::~CDWHCIRegister()
                0x00024bec                CDWHCIRegister::Read()
                0x00024c08                CDWHCIRegister::Write()
                0x00024c40                CDWHCIRegister::Get() const
                0x00024c70                CDWHCIRegister::Set(unsigned int)
                0x00024c80                CDWHCIRegister::IsSet(unsigned int) const
                0x00024cbc                CDWHCIRegister::And(unsigned int)
                0x00024cf4                CDWHCIRegister::Or(unsigned int)
                0x00024d2c                CDWHCIRegister::ClearBit(unsigned int)
                0x00024d88                CDWHCIRegister::SetBit(unsigned int)
                0x00024de4                CDWHCIRegister::ClearAll()
                0x00024df8                CDWHCIRegister::SetAll()
                0x00024e0c                CDWHCIRegister::Dump() const
 .text          0x00024e84      0xfd4 ../../circle/lib/usb/libusb.a(lan7800.o)
                0x00024e84                CLAN7800Device::GetMACAddress() const
                0x00024e8c                CLAN7800Device::~CLAN7800Device()
                0x00024e8c                CLAN7800Device::~CLAN7800Device()
                0x00024f10                non-virtual thunk to CLAN7800Device::~CLAN7800Device()
                0x00024f18                CLAN7800Device::~CLAN7800Device()
                0x00024f38                CLAN7800Device::ReceiveFrame(void*, unsigned int*)
                0x0002507c                non-virtual thunk to CLAN7800Device::ReceiveFrame(void*, unsigned int*)
                0x00025108                CLAN7800Device::SendFrame(void const*, unsigned int)
                0x0002513c                non-virtual thunk to CLAN7800Device::GetMACAddress() const
                0x00025144                non-virtual thunk to CLAN7800Device::~CLAN7800Device()
                0x00025168                non-virtual thunk to CLAN7800Device::SendFrame(void const*, unsigned int)
                0x000251a0                CLAN7800Device::CLAN7800Device(CUSBFunction*)
                0x000251a0                CLAN7800Device::CLAN7800Device(CUSBFunction*)
                0x000251e0                CLAN7800Device::SetAddressFilter(int, unsigned char const*)
                0x00025244                CLAN7800Device::WriteReg(unsigned int, unsigned int)
                0x000252d8                CLAN7800Device::ReadReg(unsigned int, unsigned int*)
                0x00025364                CLAN7800Device::SetMulticastFilter(unsigned char const (*) [6])
                0x00025490                non-virtual thunk to CLAN7800Device::SetMulticastFilter(unsigned char const (*) [6])
                0x00025498                CLAN7800Device::WaitReg(unsigned int, unsigned int, unsigned int, unsigned int, unsigned int)
                0x00025540                CLAN7800Device::PHYWrite(unsigned char, unsigned short)
                0x000255f8                CLAN7800Device::PHYRead(unsigned char, unsigned short*)
                0x000256d0                CLAN7800Device::IsLinkUp()
                0x000256f8                CLAN7800Device::GetLinkSpeed()
                0x000257c0                non-virtual thunk to CLAN7800Device::GetLinkSpeed()
                0x000257c8                CLAN7800Device::InitPHY()
                0x0002582c                non-virtual thunk to CLAN7800Device::IsLinkUp()
                0x00025858                CLAN7800Device::ReadWriteReg(unsigned int, unsigned int, unsigned int)
                0x000258a4                CLAN7800Device::InitMACAddress()
                0x000259c4                CLAN7800Device::Configure()
 .text._ZN10CNetDevice7GetTypeEv
                0x00025e58        0x8 ../../circle/lib/usb/libusb.a(lan7800.o)
                0x00025e58                CNetDevice::GetType()
 .text._ZN10CNetDevice20IsSendFrameAdvisableEv
                0x00025e60        0x8 ../../circle/lib/usb/libusb.a(lan7800.o)
                0x00025e60                CNetDevice::IsSendFrameAdvisable()
 .text._ZN10CNetDevice9UpdatePHYEv
                0x00025e68        0x8 ../../circle/lib/usb/libusb.a(lan7800.o)
                0x00025e68                CNetDevice::UpdatePHY()
 .text          0x00025e70     0x128c ../../circle/lib/usb/libusb.a(smsc951x.o)
                0x00025e70                CSMSC951xDevice::GetMACAddress() const
                0x00025e78                CSMSC951xDevice::~CSMSC951xDevice()
                0x00025e78                CSMSC951xDevice::~CSMSC951xDevice()
                0x00025efc                non-virtual thunk to CSMSC951xDevice::~CSMSC951xDevice()
                0x00025f04                CSMSC951xDevice::~CSMSC951xDevice()
                0x00025f24                CSMSC951xDevice::ReceiveFrame(void*, unsigned int*)
                0x00026074                non-virtual thunk to CSMSC951xDevice::ReceiveFrame(void*, unsigned int*)
                0x000260f8                CSMSC951xDevice::SendFrame(void const*, unsigned int)
                0x0002612c                non-virtual thunk to CSMSC951xDevice::GetMACAddress() const
                0x00026134                non-virtual thunk to CSMSC951xDevice::~CSMSC951xDevice()
                0x00026158                non-virtual thunk to CSMSC951xDevice::SendFrame(void const*, unsigned int)
                0x00026190                CSMSC951xDevice::SetMulticastFilter(unsigned char const (*) [6])
                0x00026300                non-virtual thunk to CSMSC951xDevice::SetMulticastFilter(unsigned char const (*) [6])
                0x00026308                CSMSC951xDevice::CSMSC951xDevice(CUSBFunction*)
                0x00026308                CSMSC951xDevice::CSMSC951xDevice(CUSBFunction*)
                0x00026348                CSMSC951xDevice::Hash(unsigned char const*)
                0x00026360                CSMSC951xDevice::PHYWaitNotBusy()
                0x00026418                CSMSC951xDevice::PHYWrite(unsigned char, unsigned short)
                0x00026518                CSMSC951xDevice::PHYRead(unsigned char, unsigned short*)
                0x0002663c                CSMSC951xDevice::IsLinkUp()
                0x00026724                non-virtual thunk to CSMSC951xDevice::IsLinkUp()
                0x00026810                CSMSC951xDevice::GetLinkSpeed()
                0x0002694c                non-virtual thunk to CSMSC951xDevice::GetLinkSpeed()
                0x00026a8c                CSMSC951xDevice::WriteReg(unsigned int, unsigned int)
                0x00026af0                CSMSC951xDevice::ReadReg(unsigned int, unsigned int*)
                0x00026b54                CSMSC951xDevice::DumpReg(char const*, unsigned int)
                0x00026c08                CSMSC951xDevice::DumpRegs()
                0x00026d58                CSMSC951xDevice::Configure()
 .text          0x000270fc      0x5a0 ../../circle/lib/usb/libusb.a(usbbluetooth.o)
                0x000270fc                CUSBBluetoothDevice::~CUSBBluetoothDevice()
                0x000270fc                CUSBBluetoothDevice::~CUSBBluetoothDevice()
                0x000271ec                CUSBBluetoothDevice::~CUSBBluetoothDevice()
                0x0002720c                CUSBBluetoothDevice::CUSBBluetoothDevice(CUSBFunction*)
                0x0002720c                CUSBBluetoothDevice::CUSBBluetoothDevice(CUSBFunction*)
                0x00027248                CUSBBluetoothDevice::SendHCICommand(void const*, unsigned int)
                0x000272a4                CUSBBluetoothDevice::StartRequest()
                0x00027360                CUSBBluetoothDevice::RegisterHCIEventHandler(void (*)(void const*, unsigned int))
                0x00027388                CUSBBluetoothDevice::CompletionRoutine(CUSBRequest*)
                0x00027478                CUSBBluetoothDevice::CompletionStub(CUSBRequest*, void*, void*)
                0x000274a0                CUSBBluetoothDevice::Configure()
 .text.startup  0x0002769c       0x38 ../../circle/lib/usb/libusb.a(usbbluetooth.o)
 .text          0x000276d4      0x7cc ../../circle/lib/usb/libusb.a(usbcdcethernet.o)
                0x000276d4                CUSBCDCEthernetDevice::GetMACAddress() const
                0x000276dc                CUSBCDCEthernetDevice::~CUSBCDCEthernetDevice()
                0x000276dc                CUSBCDCEthernetDevice::~CUSBCDCEthernetDevice()
                0x00027760                non-virtual thunk to CUSBCDCEthernetDevice::~CUSBCDCEthernetDevice()
                0x00027768                CUSBCDCEthernetDevice::~CUSBCDCEthernetDevice()
                0x0002778c                CUSBCDCEthernetDevice::SendFrame(void const*, unsigned int)
                0x0002781c                non-virtual thunk to CUSBCDCEthernetDevice::SendFrame(void const*, unsigned int)
                0x00027824                CUSBCDCEthernetDevice::ReceiveFrame(void*, unsigned int*)
                0x00027980                non-virtual thunk to CUSBCDCEthernetDevice::ReceiveFrame(void*, unsigned int*)
                0x00027988                CUSBCDCEthernetDevice::CompletionRoutine(CUSBRequest*, void*, void*)
                0x00027a38                CUSBCDCEthernetDevice::SetMulticastFilter(unsigned char const (*) [6])
                0x00027aa0                non-virtual thunk to CUSBCDCEthernetDevice::SetMulticastFilter(unsigned char const (*) [6])
                0x00027aa8                non-virtual thunk to CUSBCDCEthernetDevice::GetMACAddress() const
                0x00027ab0                non-virtual thunk to CUSBCDCEthernetDevice::~CUSBCDCEthernetDevice()
                0x00027ad8                CUSBCDCEthernetDevice::CUSBCDCEthernetDevice(CUSBFunction*)
                0x00027ad8                CUSBCDCEthernetDevice::CUSBCDCEthernetDevice(CUSBFunction*)
                0x00027b9c                CUSBCDCEthernetDevice::GetMACAddressStringIndex()
                0x00027be4                CUSBCDCEthernetDevice::InitMACAddress(unsigned char)
                0x00027ce0                CUSBCDCEthernetDevice::Configure()
 .text._ZN10CNetDevice8IsLinkUpEv
                0x00027ea0        0x8 ../../circle/lib/usb/libusb.a(usbcdcethernet.o)
                0x00027ea0                CNetDevice::IsLinkUp()
 .text._ZN10CNetDevice12GetLinkSpeedEv
                0x00027ea8        0x8 ../../circle/lib/usb/libusb.a(usbcdcethernet.o)
                0x00027ea8                CNetDevice::GetLinkSpeed()
 .text          0x00027eb0      0xc9c ../../circle/lib/usb/libusb.a(usbfloppydevice.o)
                0x00027eb0                CUSBFloppyDiskDevice::Seek(unsigned long long)
                0x00027ec4                CUSBFloppyDiskDevice::~CUSBFloppyDiskDevice()
                0x00027ec4                CUSBFloppyDiskDevice::~CUSBFloppyDiskDevice()
                0x00027f9c                CUSBFloppyDiskDevice::~CUSBFloppyDiskDevice()
                0x00027fbc                CUSBFloppyDiskDevice::GetSize() const
                0x00028004                CUSBFloppyDiskDevice::CUSBFloppyDiskDevice(CUSBFunction*)
                0x00028004                CUSBFloppyDiskDevice::CUSBFloppyDiskDevice(CUSBFunction*)
                0x00028044                CUSBFloppyDiskDevice::Command(void*, unsigned int, void*, unsigned int, bool)
                0x000282d0                CUSBFloppyDiskDevice::WaitUnitReady()
                0x000283f0                CUSBFloppyDiskDevice::TryRead(void*, unsigned int)
                0x000284e4                CUSBFloppyDiskDevice::TryWrite(void const*, unsigned int)
                0x000285d8                CUSBFloppyDiskDevice::Write(void const*, unsigned int)
                0x00028698                CUSBFloppyDiskDevice::Read(void*, unsigned int)
                0x00028758                CUSBFloppyDiskDevice::Reset()
                0x000287ac                CUSBFloppyDiskDevice::Configure()
 .text.startup  0x00028b4c       0x38 ../../circle/lib/usb/libusb.a(usbfloppydevice.o)
 .text          0x00028b84      0x348 ../../circle/lib/usb/libusb.a(usbconfigparser.o)
                0x00028b84                CUSBConfigurationParser::CUSBConfigurationParser(void const*, unsigned int)
                0x00028b84                CUSBConfigurationParser::CUSBConfigurationParser(void const*, unsigned int)
                0x00028cfc                CUSBConfigurationParser::CUSBConfigurationParser(CUSBConfigurationParser*)
                0x00028cfc                CUSBConfigurationParser::CUSBConfigurationParser(CUSBConfigurationParser*)
                0x00028d5c                CUSBConfigurationParser::~CUSBConfigurationParser()
                0x00028d5c                CUSBConfigurationParser::~CUSBConfigurationParser()
                0x00028d60                CUSBConfigurationParser::IsValid() const
                0x00028d68                CUSBConfigurationParser::GetDescriptor(unsigned char)
                0x00028e14                CUSBConfigurationParser::GetCurrentDescriptor()
                0x00028e60                CUSBConfigurationParser::Error(char const*) const
 .text          0x00028ecc      0x228 ../../circle/lib/usb/libusb.a(usbgamepad.o)
                0x00028ecc                CUSBGamePadDevice::GetInitialState()
                0x00028ed4                CUSBGamePadDevice::Configure()
                0x00028f98                CUSBGamePadDevice::ReportHandler(unsigned char const*, unsigned int)
                0x00028fec                CUSBGamePadDevice::RegisterStatusHandler(void (*)(unsigned int, TGamePadState const*))
                0x00029030                CUSBGamePadDevice::CUSBGamePadDevice(CUSBFunction*)
                0x00029030                CUSBGamePadDevice::CUSBGamePadDevice(CUSBFunction*)
                0x00029074                CUSBGamePadDevice::~CUSBGamePadDevice()
                0x00029074                CUSBGamePadDevice::~CUSBGamePadDevice()
                0x000290d4                CUSBGamePadDevice::~CUSBGamePadDevice()
 .text.startup  0x000290f4       0x38 ../../circle/lib/usb/libusb.a(usbgamepad.o)
 .text          0x0002912c      0x718 ../../circle/lib/usb/libusb.a(usbmidi.o)
                0x0002912c                CUSBMIDIDevice::~CUSBMIDIDevice()
                0x0002912c                CUSBMIDIDevice::~CUSBMIDIDevice()
                0x000291a8                CUSBMIDIDevice::~CUSBMIDIDevice()
                0x00029200                CUSBMIDIDevice::CUSBMIDIDevice(CDevice*)
                0x00029200                CUSBMIDIDevice::CUSBMIDIDevice(CDevice*)
                0x0002926c                CUSBMIDIDevice::RegisterPacketHandler(void (*)(unsigned int, unsigned char*, unsigned int))
                0x000292c8                CUSBMIDIDevice::RegisterPacketHandler(void (*)(unsigned int, unsigned char*, unsigned int, unsigned int, void*), void*)
                0x00029318                CUSBMIDIDevice::SendEventPackets(unsigned char const*, unsigned int)
                0x0002934c                CUSBMIDIDevice::SendPlainMIDI(unsigned int, unsigned char const*, unsigned int, unsigned int)
                0x00029728                CUSBMIDIDevice::SetAllSoundOffOnUSBError(bool)
                0x00029730                CUSBMIDIDevice::CallPacketHandler(unsigned char*, unsigned int)
                0x000297ec                CUSBMIDIDevice::RegisterSendEventsHandler(bool (*)(unsigned char const*, unsigned int, void*), void*)
                0x0002983c                CUSBMIDIDevice::GetAllSoundOffOnUSBError() const
 .text.startup  0x00029844       0x38 ../../circle/lib/usb/libusb.a(usbmidi.o)
 .text          0x0002987c      0x81c ../../circle/lib/usb/libusb.a(usbserialhost.o)
                0x0002987c                CUSBSerialHostDevice::SetBaudRate(unsigned int)
                0x00029884                CUSBSerialHostDevice::SetLineProperties(TUSBSerialDataBits, TUSBSerialParity, TUSBSerialStopBits)
                0x0002988c                CUSBSerialHostDevice::~CUSBSerialHostDevice()
                0x0002988c                CUSBSerialHostDevice::~CUSBSerialHostDevice()
                0x0002993c                CUSBSerialHostDevice::~CUSBSerialHostDevice()
                0x0002995c                CUSBSerialHostDevice::Write(void const*, unsigned int)
                0x00029a68                CUSBSerialHostDevice::Read(void*, unsigned int)
                0x00029c4c                CUSBSerialHostDevice::WriteHandler(void const*, unsigned int, void*)
                0x00029c84                CUSBSerialHostDevice::ReadHandler(void*, unsigned int, void*)
                0x00029cbc                CUSBSerialHostDevice::SetLinePropertiesHandler(TUSBSerialDataBits, TUSBSerialParity, TUSBSerialStopBits, void*)
                0x00029d18                CUSBSerialHostDevice::SetBaudRateHandler(unsigned int, void*)
                0x00029d6c                CUSBSerialHostDevice::CUSBSerialHostDevice(CUSBFunction*, unsigned int)
                0x00029d6c                CUSBSerialHostDevice::CUSBSerialHostDevice(CUSBFunction*, unsigned int)
                0x00029dd0                CUSBSerialHostDevice::CompletionRoutine(CUSBRequest*)
                0x00029ec4                CUSBSerialHostDevice::CompletionStub(CUSBRequest*, void*, void*)
                0x00029eec                CUSBSerialHostDevice::Configure()
 .text          0x0002a098      0x404 ../../circle/lib/usb/libusb.a(usbserial.o)
                0x0002a098                CUSBSerialDevice::~CUSBSerialDevice()
                0x0002a098                CUSBSerialDevice::~CUSBSerialDevice()
                0x0002a0f8                CUSBSerialDevice::Write(void const*, unsigned int)
                0x0002a1cc                CUSBSerialDevice::Read(void*, unsigned int)
                0x0002a210                CUSBSerialDevice::~CUSBSerialDevice()
                0x0002a27c                CUSBSerialDevice::CUSBSerialDevice(CDevice*)
                0x0002a27c                CUSBSerialDevice::CUSBSerialDevice(CDevice*)
                0x0002a2f0                CUSBSerialDevice::SetBaudRate(unsigned int)
                0x0002a314                CUSBSerialDevice::SetLineProperties(TUSBSerialDataBits, TUSBSerialParity, TUSBSerialStopBits)
                0x0002a34c                CUSBSerialDevice::GetOptions() const
                0x0002a354                CUSBSerialDevice::SetOptions(unsigned int)
                0x0002a35c                CUSBSerialDevice::RegisterWriteHandler(int (*)(void const*, unsigned int, void*), void*)
                0x0002a3ac                CUSBSerialDevice::RegisterReadHandler(int (*)(void*, unsigned int, void*), void*)
                0x0002a3fc                CUSBSerialDevice::RegisterSetBaudRateHandler(bool (*)(unsigned int, void*), void*)
                0x0002a44c                CUSBSerialDevice::RegisterSetLinePropertiesHandler(bool (*)(TUSBSerialDataBits, TUSBSerialParity, TUSBSerialStopBits, void*), void*)
 .text.startup  0x0002a49c       0x38 ../../circle/lib/usb/libusb.a(usbserial.o)
 .text          0x0002a4d4      0x388 ../../circle/lib/input/libinput.a(keyboardbehaviour.o)
                0x0002a4d4                CKeyboardBehaviour::CKeyboardBehaviour()
                0x0002a4d4                CKeyboardBehaviour::CKeyboardBehaviour()
                0x0002a504                CKeyboardBehaviour::~CKeyboardBehaviour()
                0x0002a504                CKeyboardBehaviour::~CKeyboardBehaviour()
                0x0002a52c                CKeyboardBehaviour::RegisterKeyPressedHandler(void (*)(char const*))
                0x0002a558                CKeyboardBehaviour::RegisterSelectConsoleHandler(void (*)(unsigned int))
                0x0002a584                CKeyboardBehaviour::RegisterShutdownHandler(void (*)())
                0x0002a5b0                CKeyboardBehaviour::GetLEDStatus() const
                0x0002a5b8                CKeyboardBehaviour::GenerateKeyEvent(unsigned char)
                0x0002a684                CKeyboardBehaviour::TimerStub(unsigned int, void*, void*)
                0x0002a72c                CKeyboardBehaviour::KeyPressed(unsigned char)
                0x0002a76c                CKeyboardBehaviour::KeyReleased(unsigned char)
                0x0002a7d4                CKeyboardBehaviour::TimerHandler(unsigned int)
 .text          0x0002a85c      0x450 ../../circle/lib/input/libinput.a(keymap.o)
                0x0002a85c                CKeyMap::CKeyMap()
                0x0002a85c                CKeyMap::CKeyMap()
                0x0002a95c                CKeyMap::~CKeyMap()
                0x0002a95c                CKeyMap::~CKeyMap()
                0x0002a960                CKeyMap::ClearTable(unsigned char)
                0x0002a998                CKeyMap::SetEntry(unsigned char, unsigned char, unsigned short)
                0x0002a9e8                CKeyMap::Translate(unsigned char, unsigned char)
                0x0002ab44                CKeyMap::GetString(unsigned short, unsigned char, char*) const
                0x0002ac08                CKeyMap::GetLEDStatus() const
                0x0002ac2c                CKeyMap::LookupDefaultMap(char const*)
 .text          0x0002acac      0x248 ../../circle/lib/input/libinput.a(mouse.o)
                0x0002acb4                CMouseDevice::~CMouseDevice()
                0x0002acb4                CMouseDevice::~CMouseDevice()
                0x0002ad14                CMouseDevice::~CMouseDevice()
                0x0002ad34                CMouseDevice::CMouseDevice(unsigned int, bool, CDevice*)
                0x0002ad34                CMouseDevice::CMouseDevice(unsigned int, bool, CDevice*)
                0x0002adb8                CMouseDevice::Setup(CDisplay*, bool)
                0x0002adc0                CMouseDevice::Release()
                0x0002adc8                CMouseDevice::RegisterEventHandler(void (*)(TMouseEvent, unsigned int, unsigned int, unsigned int, int))
                0x0002add0                CMouseDevice::SetCursor(unsigned int, unsigned int)
                0x0002add8                CMouseDevice::ShowCursor(bool)
                0x0002ade0                CMouseDevice::UpdateCursor()
                0x0002adf4                CMouseDevice::RegisterStatusHandler(void (*)(unsigned int, int, int, int, void*), void*)
                0x0002ae44                CMouseDevice::RegisterStatusHandler(void (*)(unsigned int, int, int, int))
                0x0002ae80                CMouseDevice::ReportHandler(unsigned int, int, int, int)
                0x0002aee4                CMouseDevice::GetButtonCount() const
                0x0002aeec                CMouseDevice::HasWheel() const
 .text.startup  0x0002aef4       0x38 ../../circle/lib/input/libinput.a(mouse.o)
 *fill*         0x0002af2c        0x4 
 .text          0x0002af30      0x4a0 ../../circle/lib/input/libinput.a(touchscreen.o)
                0x0002af30                CTouchScreenDevice::~CTouchScreenDevice()
                0x0002af30                CTouchScreenDevice::~CTouchScreenDevice()
                0x0002af94                CTouchScreenDevice::~CTouchScreenDevice()
                0x0002b004                CTouchScreenDevice::CTouchScreenDevice(void (*)(void*), void*, CDevice*)
                0x0002b004                CTouchScreenDevice::CTouchScreenDevice(void (*)(void*), void*, CDevice*)
                0x0002b0b0                CTouchScreenDevice::Setup(CDisplay*)
                0x0002b164                CTouchScreenDevice::Update()
                0x0002b178                CTouchScreenDevice::RegisterEventHandler(void (*)(TTouchScreenEvent, unsigned int, unsigned int, unsigned int))
                0x0002b1c4                CTouchScreenDevice::SetCalibration(unsigned int const*)
                0x0002b2b8                CTouchScreenDevice::ReportHandler(TTouchScreenEvent, unsigned int, unsigned int, unsigned int)
 .text.startup  0x0002b3d0       0x38 ../../circle/lib/input/libinput.a(touchscreen.o)
 .text          0x0002b408      0x768 ../../circle/lib/input/libinput.a(mousebehaviour.o)
                0x0002b490                CMouseBehaviour::CMouseBehaviour()
                0x0002b490                CMouseBehaviour::CMouseBehaviour()
                0x0002b4c0                CMouseBehaviour::~CMouseBehaviour()
                0x0002b4c0                CMouseBehaviour::~CMouseBehaviour()
                0x0002b504                CMouseBehaviour::Setup(CDisplay*, bool)
                0x0002b774                CMouseBehaviour::Release()
                0x0002b7ec                CMouseBehaviour::RegisterEventHandler(void (*)(TMouseEvent, unsigned int, unsigned int, unsigned int, int))
                0x0002b838                CMouseBehaviour::SetCursor(unsigned int, unsigned int)
                0x0002b8dc                CMouseBehaviour::ShowCursor(bool)
                0x0002b95c                CMouseBehaviour::UpdateCursor()
                0x0002b998                CMouseBehaviour::MouseStatusChanged(unsigned int, int, int, int)
                0x0002bb58                CMouseBehaviour::SetCursorState(unsigned int, unsigned int, bool)
 .text          0x0002bb70     0x1cd8 ../../circle/lib/sound/libsound.a(soundbasedevice.o)
                0x0002bb70                CSoundBaseDevice::GetRangeMin() const
                0x0002bb78                CSoundBaseDevice::GetRangeMax() const
                0x0002bb80                CSoundBaseDevice::Flush()
                0x0002bbfc                CSoundBaseDevice::CSoundBaseDevice()
                0x0002bbfc                CSoundBaseDevice::CSoundBaseDevice()
                0x0002bc80                CSoundBaseDevice::~CSoundBaseDevice()
                0x0002bc80                CSoundBaseDevice::~CSoundBaseDevice()
                0x0002bce0                CSoundBaseDevice::~CSoundBaseDevice()
                0x0002bd4c                CSoundBaseDevice::Setup(TSoundFormat, unsigned int, unsigned int, unsigned int, unsigned int, bool)
                0x0002c0a0                CSoundBaseDevice::CSoundBaseDevice(TSoundFormat, unsigned int, unsigned int, bool)
                0x0002c0a0                CSoundBaseDevice::CSoundBaseDevice(TSoundFormat, unsigned int, unsigned int, bool)
                0x0002c160                CSoundBaseDevice::GetHWTXChannels() const
                0x0002c168                CSoundBaseDevice::GetHWRXChannels() const
                0x0002c170                CSoundBaseDevice::AllocateQueue(unsigned int)
                0x0002c208                CSoundBaseDevice::AllocateQueueFrames(unsigned int)
                0x0002c28c                CSoundBaseDevice::SetWriteFormat(TSoundFormat, unsigned int)
                0x0002c350                CSoundBaseDevice::GetQueueSizeFrames()
                0x0002c384                CSoundBaseDevice::RegisterNeedDataCallback(void (*)(void*), void*)
                0x0002c3d8                CSoundBaseDevice::AreChannelsSwapped() const
                0x0002c3e0                CSoundBaseDevice::AllocateReadQueue(unsigned int)
                0x0002c478                CSoundBaseDevice::AllocateReadQueueFrames(unsigned int)
                0x0002c4fc                CSoundBaseDevice::SetReadFormat(TSoundFormat, unsigned int, bool)
                0x0002c5c4                CSoundBaseDevice::GetReadQueueSizeFrames()
                0x0002c5f8                CSoundBaseDevice::RegisterHaveDataCallback(void (*)(void*), void*)
                0x0002c64c                CSoundBaseDevice::ConvertIEC958Sample(unsigned int, unsigned int)
                0x0002c6fc                CSoundBaseDevice::ConvertSoundFormat(void*, void const*)
                0x0002c838                CSoundBaseDevice::GetQueueBytesFree()
                0x0002c8c4                CSoundBaseDevice::GetQueueBytesAvail()
                0x0002c948                CSoundBaseDevice::GetQueueFramesAvail()
                0x0002c9bc                CSoundBaseDevice::Enqueue(void const*, unsigned int)
                0x0002ca5c                CSoundBaseDevice::Write(void const*, unsigned int)
                0x0002cd6c                CSoundBaseDevice::Dequeue(void*, unsigned int)
                0x0002ce0c                CSoundBaseDevice::GetChunkInternal(void*, unsigned int)
                0x0002d054                CSoundBaseDevice::GetChunk(short*, unsigned int)
                0x0002d080                CSoundBaseDevice::GetChunk(unsigned int*, unsigned int)
                0x0002d0b0                CSoundBaseDevice::ConvertReadSoundFormat(void*, void const*)
                0x0002d180                CSoundBaseDevice::GetReadQueueBytesFree()
                0x0002d20c                CSoundBaseDevice::GetReadQueueBytesAvail()
                0x0002d290                CSoundBaseDevice::GetReadQueueFramesAvail()
                0x0002d304                CSoundBaseDevice::ReadEnqueue(void const*, unsigned int)
                0x0002d3a4                CSoundBaseDevice::PutChunkInternal(void const*, unsigned int)
                0x0002d4b8                CSoundBaseDevice::PutChunk(short const*, unsigned int)
                0x0002d4e4                CSoundBaseDevice::PutChunk(unsigned int const*, unsigned int)
                0x0002d514                CSoundBaseDevice::ReadDequeue(void*, unsigned int)
                0x0002d5b4                CSoundBaseDevice::Read(void*, unsigned int)
 .text._ZN16CSoundBaseDevice13GetControllerEv
                0x0002d848        0x8 ../../circle/lib/sound/libsound.a(soundbasedevice.o)
                0x0002d848                CSoundBaseDevice::GetController()
 .text          0x0002d850      0xec8 ../../circle/lib/sound/libsound.a(hdmisoundbasedevice.o)
                0x0002d850                CHDMISoundBaseDevice::IsActive() const
                0x0002d870                CHDMISoundBaseDevice::Cancel()
                0x0002d9b0                CHDMISoundBaseDevice::CHDMISoundBaseDevice(CInterruptSystem*, unsigned int, unsigned int)
                0x0002d9b0                CHDMISoundBaseDevice::CHDMISoundBaseDevice(CInterruptSystem*, unsigned int, unsigned int)
                0x0002dafc                CHDMISoundBaseDevice::CHDMISoundBaseDevice(unsigned int)
                0x0002dafc                CHDMISoundBaseDevice::CHDMISoundBaseDevice(unsigned int)
                0x0002db98                CHDMISoundBaseDevice::IsWritable()
                0x0002dbd4                CHDMISoundBaseDevice::WriteSample(int)
                0x0002dc30                CHDMISoundBaseDevice::StopHDMI()
                0x0002dc64                CHDMISoundBaseDevice::DMACompletionRoutine(unsigned int, unsigned int, bool)
                0x0002de0c                CHDMISoundBaseDevice::DMACompletionStub(unsigned int, unsigned int, bool, void*)
                0x0002de44                CHDMISoundBaseDevice::SampleRateToHWFormat(unsigned int)
                0x0002de78                CHDMISoundBaseDevice::WaitForBit(unsigned int, unsigned int, bool, unsigned int)
                0x0002df04                CHDMISoundBaseDevice::ResetHDMI()
                0x0002df90                CHDMISoundBaseDevice::~CHDMISoundBaseDevice()
                0x0002df90                CHDMISoundBaseDevice::~CHDMISoundBaseDevice()
                0x0002e078                CHDMISoundBaseDevice::~CHDMISoundBaseDevice()
                0x0002e098                CHDMISoundBaseDevice::SetAudioInfoFrame()
                0x0002e180                CHDMISoundBaseDevice::GetHSMClockRate()
                0x0002e1cc                CHDMISoundBaseDevice::GetPixelClockRate()
                0x0002e288                CHDMISoundBaseDevice::rational_best_approximation(unsigned long, unsigned long, unsigned long, unsigned long, unsigned long*, unsigned long*)
                0x0002e334                CHDMISoundBaseDevice::RunHDMI()
                0x0002e508                CHDMISoundBaseDevice::Start()
 .text          0x0002e718     0x169c ../../circle/addon/SDCard/libsdcard.a(emmc.o)
                0x0002e718                CEMMCDevice::Seek(unsigned long long)
                0x0002e72c                CEMMCDevice::GetSize() const
                0x0002e738                CEMMCDevice::CEMMCDevice(CInterruptSystem*, CTimer*, CActLED*, CEMMCDevice::TDeviceSelector)
                0x0002e738                CEMMCDevice::CEMMCDevice(CInterruptSystem*, CTimer*, CActLED*, CEMMCDevice::TDeviceSelector)
                0x0002e810                CEMMCDevice::GetCSDField(unsigned int, unsigned int) const
                0x0002e84c                CEMMCDevice::usDelay(unsigned int)
                0x0002e87c                CEMMCDevice::LogWrite(TLogSeverity, char const*, ...)
                0x0002e900                CEMMCDevice::IssueCommandInt(unsigned int, unsigned int, int)
                0x0002eac8                CEMMCDevice::IssueCommand(unsigned int, unsigned int, int)
                0x0002ebc4                CEMMCDevice::DoDataCommand(int, unsigned char*, unsigned int, unsigned int)
                0x0002ed2c                CEMMCDevice::CardReset()
                0x0002f720                CEMMCDevice::CardInit()
                0x0002f768                CEMMCDevice::EnsureDataMode()
                0x0002fa10                CEMMCDevice::DoRead(unsigned char*, unsigned int, unsigned int)
                0x0002fa64                CEMMCDevice::DoWrite(unsigned char*, unsigned int, unsigned int)
                0x0002fabc                CEMMCDevice::Read(void*, unsigned int)
                0x0002fb68                CEMMCDevice::Write(void const*, unsigned int)
                0x0002fc18                CEMMCDevice::GetID()
                0x0002fc20                CEMMCDevice::~CEMMCDevice()
                0x0002fc20                CEMMCDevice::~CEMMCDevice()
                0x0002fca4                CEMMCDevice::~CEMMCDevice()
                0x0002fcc4                CEMMCDevice::Initialize()
 .text          0x0002fdb4      0x408 ../../circle/addon/SDCard/libsdcard.a(mmchost.o)
                0x0002fdb4                CMMCHost::CMMCHost()
                0x0002fdb4                CMMCHost::CMMCHost()
                0x0002fddc                CMMCHost::~CMMCHost()
                0x0002fddc                CMMCHost::~CMMCHost()
                0x0002fde0                CMMCHost::~CMMCHost()
                0x0002fdf8                CMMCHost::SetClock(unsigned int)
                0x0002fe10                CMMCHost::SetBusWidth(unsigned int)
                0x0002fe60                CMMCHost::RequestSync(mmc_request*)
                0x0002feac                CMMCHost::PrepareRequest(mmc_request*)
                0x0002ff60                CMMCHost::Command(mmc_command*, unsigned int)
                0x000300a0                mmc_request_done(mmc_host*, mmc_request*)
                0x000300d4                CMMCHost::sg_miter_start(sg_mapping_iter*, void*, unsigned int, unsigned int)
                0x00030144                CMMCHost::sg_miter_next(sg_mapping_iter*)
                0x000301b8                CMMCHost::sg_miter_stop(sg_mapping_iter*)
 *fill*         0x000301bc        0x4 
 .text          0x000301c0     0x26a4 ../../circle/addon/SDCard/libsdcard.a(sdhost.o)
                0x00030254                CSDHOSTDevice::~CSDHOSTDevice()
                0x00030254                CSDHOSTDevice::~CSDHOSTDevice()
                0x000302e4                CSDHOSTDevice::~CSDHOSTDevice()
                0x00030304                CSDHOSTDevice::CSDHOSTDevice(CInterruptSystem*, CTimer*)
                0x00030304                CSDHOSTDevice::CSDHOSTDevice(CInterruptSystem*, CTimer*)
                0x000303dc                CSDHOSTDevice::set_sdhost_clock(unsigned int*)
                0x0003045c                CSDHOSTDevice::dumpcmd(mmc_command*, char const*)
                0x00030468                CSDHOSTDevice::dumpregs()
                0x000307e8                CSDHOSTDevice::set_power(bool)
                0x000307fc                CSDHOSTDevice::reset_internal()
                0x000308fc                CSDHOSTDevice::Reset()
                0x00030934                CSDHOSTDevice::reset(mmc_host*)
                0x0003096c                CSDHOSTDevice::wait_transfer_complete()
                0x00030a54                CSDHOSTDevice::read_block_pio()
                0x00030c6c                CSDHOSTDevice::write_block_pio()
                0x00030e8c                CSDHOSTDevice::transfer_pio()
                0x00030fac                CSDHOSTDevice::set_transfer_irqs()
                0x00030fd4                CSDHOSTDevice::prepare_data(mmc_command*)
                0x00031100                CSDHOSTDevice::set_clock(unsigned int)
                0x000313f4                CSDHOSTDevice::set_ios(mmc_host*, mmc_ios*)
                0x000314f8                CSDHOSTDevice::SetIOS(mmc_ios*)
                0x00031524                CSDHOSTDevice::init(int)
                0x00031568                CSDHOSTDevice::tasklet_finish()
                0x000316f8                CSDHOSTDevice::send_command(mmc_command*)
                0x00031948                CSDHOSTDevice::finish_command()
                0x00031dac                CSDHOSTDevice::transfer_complete()
                0x00031e9c                CSDHOSTDevice::finish_data()
                0x00031f1c                CSDHOSTDevice::data_irq(unsigned int)
                0x00031fe8                CSDHOSTDevice::block_irq(unsigned int)
                0x000320d8                CSDHOSTDevice::busy_irq(unsigned int)
                0x00032244                CSDHOSTDevice::irq_handler()
                0x000322f0                CSDHOSTDevice::irq_stub(void*)
                0x00032318                CSDHOSTDevice::request(mmc_host*, mmc_request*)
                0x000325e0                CSDHOSTDevice::Request(mmc_request*)
                0x0003260c                CSDHOSTDevice::add_host()
                0x00032720                CSDHOSTDevice::probe()
                0x00032820                CSDHOSTDevice::Initialize()
                0x00032834                CSDHOSTDevice::remove()
 .text          0x00032864      0xadc ../../circle/lib/fs/fat/libfatfs.a(fatfs.o)